******************************************************************************
                  TI ARM Linker PC v5.2.6                      
******************************************************************************
>> Linked Fri Apr 14 10:21:35 2023

OUTPUT FILE NAME:   <project_zero_app_cc2650launchxl.out>
ENTRY POINT SYMBOL: "ResetISR"  address: 00009a35


MEMORY CONFIGURATION

         name            origin    length      used     unused   attr    fill
----------------------  --------  ---------  --------  --------  ----  --------
  FLASH                 00000000   0000e000  0000dffa  00000006  R  X
  FLASH_LAST_PAGE       0001f000   00001000  00000f06  000000fa  R  X
  SRAM                  20000000   00004348  00002a25  00001923  RW X


SEGMENT ALLOCATION MAP

run origin  load origin   length   init length attrs members
----------  ----------- ---------- ----------- ----- -------
00000000    00000000    0000e000   0000e000    r-x
  00000000    00000000    0000003c   0000003c    r-- .resetVecs
  0000003c    0000003c    000000c4   000000c4    r-x .text.1
  00000100    00000100    0000003c   0000003c    r-- .const:ti_sysbios_knl_Task_Object__PARAMS__C
  0000013c    0000013c    00000034   00000034    r-- .const:ti_sysbios_knl_Mailbox_Object__PARAMS__C
  00000170    00000170    00000030   00000030    r-- .const:ti_sysbios_family_arm_m3_Hwi_Object__PARAMS__C
  000001a0    000001a0    0000002c   0000002c    r-- .const:ti_sysbios_hal_Hwi_Object__PARAMS__C
  000001cc    000001cc    00000028   00000028    r-- .const:ti_sysbios_heaps_HeapMem_Module__FXNS__C
  000001f4    000001f4    00000028   00000028    r-- .const:ti_sysbios_knl_Swi_Object__PARAMS__C
  0000021c    0000021c    00000024   00000024    r-- .const:ti_sysbios_gates_GateHwi_Module__FXNS__C
  00000240    00000240    00000024   00000024    r-- .const:ti_sysbios_gates_GateMutex_Module__FXNS__C
  00000264    00000264    00000024   00000024    r-- .const:ti_sysbios_heaps_HeapMem_Object__PARAMS__C
  00000288    00000288    00000024   00000024    r-- .const:ti_sysbios_knl_Clock_Object__PARAMS__C
  000002ac    000002ac    00000024   00000024    r-- .const:ti_sysbios_knl_Semaphore_Object__PARAMS__C
  000002d0    000002d0    00000020   00000020    r-- .const:ti_sysbios_family_arm_m3_Hwi_Object__DESC__C
  000002f0    000002f0    00000020   00000020    r-- .const:ti_sysbios_gates_GateHwi_Object__DESC__C
  00000310    00000310    00000020   00000020    r-- .const:ti_sysbios_gates_GateMutex_Object__DESC__C
  00000330    00000330    00000020   00000020    r-- .const:ti_sysbios_hal_Hwi_Object__DESC__C
  00000350    00000350    00000020   00000020    r-- .const:ti_sysbios_heaps_HeapMem_Object__DESC__C
  00000370    00000370    00000020   00000020    r-- .const:ti_sysbios_knl_Clock_Object__DESC__C
  00000390    00000390    00000020   00000020    r-- .const:ti_sysbios_knl_Mailbox_Object__DESC__C
  000003b0    000003b0    00000020   00000020    r-- .const:ti_sysbios_knl_Queue_Object__DESC__C
  000003d0    000003d0    00000020   00000020    r-- .const:ti_sysbios_knl_Semaphore_Object__DESC__C
  000003f0    000003f0    00000020   00000020    r-- .const:ti_sysbios_knl_Swi_Object__DESC__C
  00000410    00000410    00000020   00000020    r-- .const:ti_sysbios_knl_Task_Object__DESC__C
  00000430    00000430    00000018   00000018    r-- .const:ti_sysbios_gates_GateHwi_Object__PARAMS__C
  00000448    00000448    00000018   00000018    r-- .const:ti_sysbios_gates_GateMutex_Object__PARAMS__C
  00000460    00000460    00000018   00000018    r-- .const:ti_sysbios_knl_Queue_Object__PARAMS__C
  00000478    00000478    00000008   00000008    r-- .const:ti_sysbios_knl_Idle_funcList__C
  00000480    00000480    00000004   00000004    r-x .text.2
  00000484    00000484    00000004   00000004    r-- .const:ti_sysbios_family_arm_cc26xx_Timer_startupNeeded__C
  00000488    00000488    00000004   00000004    r-- .const:ti_sysbios_family_arm_m3_Hwi_E_alreadyDefined__C
  0000048c    0000048c    00000004   00000004    r-- .const:ti_sysbios_family_arm_m3_Hwi_E_hwiLimitExceeded__C
  00000490    00000490    00000004   00000004    r-- .const:ti_sysbios_family_arm_m3_Hwi_NUM_INTERRUPTS__C
  00000494    00000494    00000004   00000004    r-- .const:ti_sysbios_family_arm_m3_Hwi_Object__count__C
  00000498    00000498    00000004   00000004    r-- .const:ti_sysbios_family_arm_m3_Hwi_Object__table__C
  0000049c    0000049c    00000004   00000004    r-- .const:ti_sysbios_family_arm_m3_Hwi_ccr__C
  000004a0    000004a0    00000004   00000004    r-- .const:ti_sysbios_family_arm_m3_Hwi_excHandlerFunc__C
  000004a4    000004a4    00000004   00000004    r-- .const:ti_sysbios_family_arm_m3_Hwi_nullIsrFunc__C
  000004a8    000004a8    00000004   00000004    r-- .const:ti_sysbios_family_arm_m3_Hwi_numSparseInterrupts__C
  000004ac    000004ac    00000004   00000004    r-- .const:ti_sysbios_family_arm_m3_Hwi_priGroup__C
  000004b0    000004b0    00000004   00000004    r-- .const:ti_sysbios_family_arm_m3_TaskSupport_stackAlignment__C
  000004b4    000004b4    00000004   00000004    r-- .const:ti_sysbios_heaps_HeapMem_E_memory__C
  000004b8    000004b8    00000004   00000004    r-- .const:ti_sysbios_heaps_HeapMem_Module__gateObj__C
  000004bc    000004bc    00000004   00000004    r-- .const:ti_sysbios_heaps_HeapMem_Object__count__C
  000004c0    000004c0    00000004   00000004    r-- .const:ti_sysbios_heaps_HeapMem_Object__table__C
  000004c4    000004c4    00000004   00000004    r-- .const:ti_sysbios_heaps_HeapMem_reqAlign__C
  000004c8    000004c8    00000004   00000004    r-- .const:ti_sysbios_knl_Clock_serviceMargin__C
  000004cc    000004cc    00000004   00000004    r-- .const:ti_sysbios_knl_Mailbox_Object__count__C
  000004d0    000004d0    00000004   00000004    r-- .const:ti_sysbios_knl_Mailbox_Object__table__C
  000004d4    000004d4    00000004   00000004    r-- .const:ti_sysbios_knl_Queue_Object__count__C
  000004d8    000004d8    00000004   00000004    r-- .const:ti_sysbios_knl_Queue_Object__table__C
  000004dc    000004dc    00000004   00000004    r-- .const:ti_sysbios_knl_Swi_Object__count__C
  000004e0    000004e0    00000004   00000004    r-- .const:ti_sysbios_knl_Swi_Object__table__C
  000004e4    000004e4    00000004   00000004    r-- .const:ti_sysbios_knl_Swi_numPriorities__C
  000004e8    000004e8    00000004   00000004    r-- .const:ti_sysbios_knl_Task_Object__count__C
  000004ec    000004ec    00000004   00000004    r-- .const:ti_sysbios_knl_Task_Object__table__C
  000004f0    000004f0    00000004   00000004    r-- .const:ti_sysbios_knl_Task_allBlockedFunc__C
  000004f4    000004f4    00000004   00000004    r-- .const:ti_sysbios_knl_Task_defaultStackHeap__C
  000004f8    000004f8    00000004   00000004    r-- .const:ti_sysbios_knl_Task_defaultStackSize__C
  000004fc    000004fc    00000004   00000004    r-- .const:ti_sysbios_knl_Task_numConstructedTasks__C
  00000500    00000500    00000002   00000002    r-x .text.3
  00000502    00000502    00000002   00000002    r-- .const:ti_sysbios_family_arm_cc26xx_Timer_Module__id__C
  00000504    00000504    00000002   00000002    r-- .const:ti_sysbios_family_arm_cc26xx_TimestampProvider_useClockTimer__C
  00000506    00000506    00000002   00000002    r-- .const:ti_sysbios_family_arm_m3_Hwi_Module__id__C
  00000508    00000508    00000002   00000002    r-- .const:ti_sysbios_gates_GateHwi_Module__id__C
  0000050a    0000050a    00000002   00000002    r-- .const:ti_sysbios_gates_GateMutex_Module__id__C
  0000050c    0000050c    00000002   00000002    r-- .const:ti_sysbios_heaps_HeapMem_Module__id__C
  0000050e    0000050e    00000002   00000002    r-- .const:ti_sysbios_knl_Task_initStackFlag__C
  00000510    00000510    00000001   00000001    r-- .const:ti_sysbios_knl_Clock_tickMode__C
  00000514    00000514    00000008   00000008    r-- .const:xdc_runtime_Startup_firstFxns__C
  0000051c    0000051c    00000008   00000008    r-- .const:xdc_runtime_Startup_lastFxns__C
  00000524    00000524    00000004   00000004    r-- .const:xdc_runtime_Assert_E_assertFailed__C
  00000528    00000528    00000004   00000004    r-- .const:xdc_runtime_Error_E_memory__C
  0000052c    0000052c    00000004   00000004    r-- .const:xdc_runtime_Error_policyFxn__C
  00000530    00000530    00000004   00000004    r-- .const:xdc_runtime_IGateProvider_Interface__BASE__C
  00000534    00000534    00000004   00000004    r-- .const:xdc_runtime_IHeap_Interface__BASE__C
  00000538    00000538    00000004   00000004    r-- .const:xdc_runtime_IModule_Interface__BASE__C
  0000053c    0000053c    00000004   00000004    r-- .const:xdc_runtime_Main_Module__diagsEnabled__C
  00000540    00000540    00000004   00000004    r-- .const:xdc_runtime_Main_Module__diagsIncluded__C
  00000544    00000544    00000004   00000004    r-- .const:xdc_runtime_Main_Module__diagsMask__C
  00000548    00000548    00000004   00000004    r-- .const:xdc_runtime_Memory_defaultHeapInstance__C
  0000054c    0000054c    00000004   00000004    r-- .const:xdc_runtime_Startup_execImpl__C
  00000550    00000550    00000004   00000004    r-- .const:xdc_runtime_Startup_maxPasses__C
  00000554    00000554    00000004   00000004    r-- .const:xdc_runtime_Startup_sfxnRts__C
  00000558    00000558    00000004   00000004    r-- .const:xdc_runtime_Startup_sfxnTab__C
  0000055c    0000055c    00000004   00000004    r-- .const:xdc_runtime_Startup_startModsFxn__C
  00000560    00000560    00000004   00000004    r-- .const:xdc_runtime_SysCallback_abortFxn__C
  00000564    00000564    00000004   00000004    r-- .const:xdc_runtime_SysCallback_exitFxn__C
  00000568    00000568    00000004   00000004    r-- .const:xdc_runtime_System_abortFxn__C
  0000056c    0000056c    00000004   00000004    r-- .const:xdc_runtime_System_exitFxn__C
  00000570    00000570    00000004   00000004    r-- .const:xdc_runtime_System_maxAtexitHandlers__C
  00000574    00000574    00000004   00000004    r-- .const:xdc_runtime_Text_charTab__C
  00000578    00000578    00000004   00000004    r-- .const:xdc_runtime_Text_nameEmpty__C
  0000057c    0000057c    00000004   00000004    r-- .const:xdc_runtime_Text_nameStatic__C
  00000580    00000580    00000004   00000004    r-- .const:xdc_runtime_Text_nameUnknown__C
  00000584    00000584    00000002   00000002    r-- .const:xdc_runtime_Main_Module__id__C
  00000586    00000586    00000002   00000002    r-- .const:xdc_runtime_Memory_Module__id__C
  00000588    00000588    00000002   00000002    r-- .const:xdc_runtime_Text_charCnt__C
  0000058a    0000058a    00000002   00000002    r-- .const:xdc_runtime_Text_isLoaded__C
  0000058c    0000058c    00000001   00000001    r-- .const:xdc_runtime_Error_policy__C
  00000590    00000590    00000004   00000004    r-- .const:ti_sysbios_rom_ROM_AONRTCChannelEnable
  00000594    00000594    00000004   00000004    r-- .const:ti_sysbios_rom_ROM_AONRTCCompareValueSet
  00000598    00000598    00000004   00000004    r-- .const:ti_sysbios_rom_ROM_AONRTCCurrentCompareValueGet
  0000059c    0000059c    00000004   00000004    r-- .const:ti_sysbios_rom_ROM_AONRTCEventClear
  000005a0    000005a0    00000004   00000004    r-- .const:ti_sysbios_rom_ROM_ti_sysbios_family_arm_cc26xx_Timer_getCount64__E
  000005a4    000005a4    00000004   00000004    r-- .const:ti_sysbios_rom_ROM_ti_sysbios_family_arm_cc26xx_Timer_getCurrentTick__E
  000005a8    000005a8    00000004   00000004    r-- .const:ti_sysbios_rom_ROM_ti_sysbios_family_arm_cc26xx_Timer_getMaxTicks__E
  000005ac    000005ac    00000004   00000004    r-- .const:ti_sysbios_rom_ROM_ti_sysbios_family_arm_cc26xx_Timer_initDevice__I
  000005b0    000005b0    00000004   00000004    r-- .const:ti_sysbios_rom_ROM_ti_sysbios_family_arm_cc26xx_Timer_setNextTick__E
  000005b4    000005b4    00000004   00000004    r-- .const:ti_sysbios_rom_ROM_ti_sysbios_family_arm_cc26xx_Timer_setThreshold__I
  000005b8    000005b8    00000004   00000004    r-- .const:ti_sysbios_rom_ROM_ti_sysbios_family_arm_cc26xx_Timer_start__E
  000005bc    000005bc    00000004   00000004    r-- .const:ti_sysbios_rom_ROM_ti_sysbios_family_arm_cc26xx_TimestampProvider_get32__E
  000005c0    000005c0    00000004   00000004    r-- .const:ti_sysbios_rom_ROM_xdc_runtime_Startup_getState__I
  000005c4    000005c4    00000004   00000004    r-- .const:ti_sysbios_rom_ROM_xdc_runtime_System_SupportProxy_abort__E
  000005c8    000005c8    00000004   00000004    r-- .const:ti_sysbios_rom_ROM_xdc_runtime_System_SupportProxy_exit__E
  000005cc    000005cc    00000004   00000004    r-- .const:ti_sysbios_gates_GateMutex_Instance_State_sem__O
  000005d0    000005d0    00000004   00000004    r-- .const:ti_sysbios_knl_Clock_Module_State_clockQ__O
  000005d4    000005d4    00000004   00000004    r-- .const:ti_sysbios_knl_Mailbox_Instance_State_dataQue__O
  000005d8    000005d8    00000004   00000004    r-- .const:ti_sysbios_knl_Mailbox_Instance_State_dataSem__O
  000005dc    000005dc    00000004   00000004    r-- .const:ti_sysbios_knl_Mailbox_Instance_State_freeQue__O
  000005e0    000005e0    00000004   00000004    r-- .const:ti_sysbios_knl_Mailbox_Instance_State_freeSem__O
  000005e4    000005e4    00000004   00000004    r-- .const:ti_sysbios_knl_Semaphore_Instance_State_pendQ__O
  000005e8    000005e8    00000004   00000004    r-- .const:ti_sysbios_knl_Task_Module_State_inactiveQ__O
  000005ec    000005ec    0000beb4   0000beb4    r-x .text.4
  0000c4a0    0000c4a0    00001b60   00001b60    r-- .const.1
0001f000    0001f000    00000716   00000716    r--
  0001f000    0001f000    00000716   00000716    r-- .const.2
0001f718    0001f718    00000008   00000008    rw-
  0001f718    0001f718    00000008   00000008    rw- .args
0001f720    0001f720    00000790   00000790    r--
  0001f720    0001f720    00000790   00000790    r-- .cinit
0001ffa8    0001ffa8    00000058   00000058    r--
  0001ffa8    0001ffa8    00000058   00000058    r-- .ccfg
20000100    20000100    00002561   00000000    rw-
  20000100    20000100    00000044   00000000    rw- .data:ti_sysbios_knl_Task_Module__state__V
  20000144    20000144    00000034   00000000    rw- .data:ti_sysbios_family_arm_m3_Hwi_Module__state__V
  20000178    20000178    0000002c   00000000    rw- .data:ti_sysbios_knl_Clock_Module__state__V
  200001a4    200001a4    00000024   00000000    rw- .data:ti_sysbios_BIOS_Module__state__V
  200001c8    200001c8    0000001c   00000000    rw- .data:ti_sysbios_knl_Swi_Module__state__V
  200001e4    200001e4    00000008   00000000    rw- .data:ti_sysbios_family_arm_cc26xx_Timer_Module__state__V
  200001ec    200001ec    00000004   00000000    rw- .data:ti_sysbios_family_arm_cc26xx_TimestampProvider_Module__state__V
  200001f0    200001f0    00000008   00000000    rw- .data:xdc_runtime_Startup_Module__state__V
  200001f8    200001f8    00000008   00000000    rw- .data:xdc_runtime_System_Module__state__V
  20000200    20000200    00000004   00000000    rw- .data:xdc_runtime_Memory_Module__state__V
  20000208    20000208    00001687   00000000    rw- .data
  20001890    20001890    00000dd1   00000000    rw- .bss
20003f48    20003f48    00000400   00000000    rw-
  20003f48    20003f48    00000400   00000000    rw- .stack


SECTION ALLOCATION MAP

 output                                  attributes/
section   page    origin      length       input sections
--------  ----  ----------  ----------   ----------------
.resetVecs 
*          0    00000000    0000003c     
                  00000000    0000003c     app_ble_uartlog_pem3.oem3 (.resetVecs)

.text.1    0    0000003c    000000c4     
                  0000003c    000000b8     button_service.obj (.text:ButtonService_RegisterAppCBs)
                  000000f4    0000000c     rf_singleMode_cc26xxware.aem3 : RFCC26XX_singleMode.oem3 (.text:FsmNextState)

.const:ti_sysbios_knl_Task_Object__PARAMS__C 
*          0    00000100    0000003c     
                  00000100    0000003c     app_ble_uartlog_pem3.oem3 (.const:ti_sysbios_knl_Task_Object__PARAMS__C)

.const:ti_sysbios_knl_Mailbox_Object__PARAMS__C 
*          0    0000013c    00000034     
                  0000013c    00000034     app_ble_uartlog_pem3.oem3 (.const:ti_sysbios_knl_Mailbox_Object__PARAMS__C)

.const:ti_sysbios_family_arm_m3_Hwi_Object__PARAMS__C 
*          0    00000170    00000030     
                  00000170    00000030     app_ble_uartlog_pem3.oem3 (.const:ti_sysbios_family_arm_m3_Hwi_Object__PARAMS__C)

.const:ti_sysbios_hal_Hwi_Object__PARAMS__C 
*          0    000001a0    0000002c     
                  000001a0    0000002c     app_ble_uartlog_pem3.oem3 (.const:ti_sysbios_hal_Hwi_Object__PARAMS__C)

.const:ti_sysbios_heaps_HeapMem_Module__FXNS__C 
*          0    000001cc    00000028     
                  000001cc    00000028     app_ble_uartlog_pem3.oem3 (.const:ti_sysbios_heaps_HeapMem_Module__FXNS__C)

.const:ti_sysbios_knl_Swi_Object__PARAMS__C 
*          0    000001f4    00000028     
                  000001f4    00000028     app_ble_uartlog_pem3.oem3 (.const:ti_sysbios_knl_Swi_Object__PARAMS__C)

.const:ti_sysbios_gates_GateHwi_Module__FXNS__C 
*          0    0000021c    00000024     
                  0000021c    00000024     app_ble_uartlog_pem3.oem3 (.const:ti_sysbios_gates_GateHwi_Module__FXNS__C)

.const:ti_sysbios_gates_GateMutex_Module__FXNS__C 
*          0    00000240    00000024     
                  00000240    00000024     app_ble_uartlog_pem3.oem3 (.const:ti_sysbios_gates_GateMutex_Module__FXNS__C)

.const:ti_sysbios_heaps_HeapMem_Object__PARAMS__C 
*          0    00000264    00000024     
                  00000264    00000024     app_ble_uartlog_pem3.oem3 (.const:ti_sysbios_heaps_HeapMem_Object__PARAMS__C)

.const:ti_sysbios_knl_Clock_Object__PARAMS__C 
*          0    00000288    00000024     
                  00000288    00000024     app_ble_uartlog_pem3.oem3 (.const:ti_sysbios_knl_Clock_Object__PARAMS__C)

.const:ti_sysbios_knl_Semaphore_Object__PARAMS__C 
*          0    000002ac    00000024     
                  000002ac    00000024     app_ble_uartlog_pem3.oem3 (.const:ti_sysbios_knl_Semaphore_Object__PARAMS__C)

.const:ti_sysbios_family_arm_m3_Hwi_Object__DESC__C 
*          0    000002d0    00000020     
                  000002d0    00000020     app_ble_uartlog_pem3.oem3 (.const:ti_sysbios_family_arm_m3_Hwi_Object__DESC__C)

.const:ti_sysbios_gates_GateHwi_Object__DESC__C 
*          0    000002f0    00000020     
                  000002f0    00000020     app_ble_uartlog_pem3.oem3 (.const:ti_sysbios_gates_GateHwi_Object__DESC__C)

.const:ti_sysbios_gates_GateMutex_Object__DESC__C 
*          0    00000310    00000020     
                  00000310    00000020     app_ble_uartlog_pem3.oem3 (.const:ti_sysbios_gates_GateMutex_Object__DESC__C)

.const:ti_sysbios_hal_Hwi_Object__DESC__C 
*          0    00000330    00000020     
                  00000330    00000020     app_ble_uartlog_pem3.oem3 (.const:ti_sysbios_hal_Hwi_Object__DESC__C)

.const:ti_sysbios_heaps_HeapMem_Object__DESC__C 
*          0    00000350    00000020     
                  00000350    00000020     app_ble_uartlog_pem3.oem3 (.const:ti_sysbios_heaps_HeapMem_Object__DESC__C)

.const:ti_sysbios_knl_Clock_Object__DESC__C 
*          0    00000370    00000020     
                  00000370    00000020     app_ble_uartlog_pem3.oem3 (.const:ti_sysbios_knl_Clock_Object__DESC__C)

.const:ti_sysbios_knl_Mailbox_Object__DESC__C 
*          0    00000390    00000020     
                  00000390    00000020     app_ble_uartlog_pem3.oem3 (.const:ti_sysbios_knl_Mailbox_Object__DESC__C)

.const:ti_sysbios_knl_Queue_Object__DESC__C 
*          0    000003b0    00000020     
                  000003b0    00000020     app_ble_uartlog_pem3.oem3 (.const:ti_sysbios_knl_Queue_Object__DESC__C)

.const:ti_sysbios_knl_Semaphore_Object__DESC__C 
*          0    000003d0    00000020     
                  000003d0    00000020     app_ble_uartlog_pem3.oem3 (.const:ti_sysbios_knl_Semaphore_Object__DESC__C)

.const:ti_sysbios_knl_Swi_Object__DESC__C 
*          0    000003f0    00000020     
                  000003f0    00000020     app_ble_uartlog_pem3.oem3 (.const:ti_sysbios_knl_Swi_Object__DESC__C)

.const:ti_sysbios_knl_Task_Object__DESC__C 
*          0    00000410    00000020     
                  00000410    00000020     app_ble_uartlog_pem3.oem3 (.const:ti_sysbios_knl_Task_Object__DESC__C)

.const:ti_sysbios_gates_GateHwi_Object__PARAMS__C 
*          0    00000430    00000018     
                  00000430    00000018     app_ble_uartlog_pem3.oem3 (.const:ti_sysbios_gates_GateHwi_Object__PARAMS__C)

.const:ti_sysbios_gates_GateMutex_Object__PARAMS__C 
*          0    00000448    00000018     
                  00000448    00000018     app_ble_uartlog_pem3.oem3 (.const:ti_sysbios_gates_GateMutex_Object__PARAMS__C)

.const:ti_sysbios_knl_Queue_Object__PARAMS__C 
*          0    00000460    00000018     
                  00000460    00000018     app_ble_uartlog_pem3.oem3 (.const:ti_sysbios_knl_Queue_Object__PARAMS__C)

.const:ti_sysbios_knl_Idle_funcList__C 
*          0    00000478    00000008     
                  00000478    00000008     app_ble_uartlog_pem3.oem3 (.const:ti_sysbios_knl_Idle_funcList__C)

.text.2    0    00000480    00000004     
                  00000480    00000004     icall_api.obj (.text:GATTServApp_AddService)

.const:ti_sysbios_family_arm_cc26xx_Timer_startupNeeded__C 
*          0    00000484    00000004     
                  00000484    00000004     app_ble_uartlog_pem3.oem3 (.const:ti_sysbios_family_arm_cc26xx_Timer_startupNeeded__C)

.const:ti_sysbios_family_arm_m3_Hwi_E_alreadyDefined__C 
*          0    00000488    00000004     
                  00000488    00000004     app_ble_uartlog_pem3.oem3 (.const:ti_sysbios_family_arm_m3_Hwi_E_alreadyDefined__C)

.const:ti_sysbios_family_arm_m3_Hwi_E_hwiLimitExceeded__C 
*          0    0000048c    00000004     
                  0000048c    00000004     app_ble_uartlog_pem3.oem3 (.const:ti_sysbios_family_arm_m3_Hwi_E_hwiLimitExceeded__C)

.const:ti_sysbios_family_arm_m3_Hwi_NUM_INTERRUPTS__C 
*          0    00000490    00000004     
                  00000490    00000004     app_ble_uartlog_pem3.oem3 (.const:ti_sysbios_family_arm_m3_Hwi_NUM_INTERRUPTS__C)

.const:ti_sysbios_family_arm_m3_Hwi_Object__count__C 
*          0    00000494    00000004     
                  00000494    00000004     app_ble_uartlog_pem3.oem3 (.const:ti_sysbios_family_arm_m3_Hwi_Object__count__C)

.const:ti_sysbios_family_arm_m3_Hwi_Object__table__C 
*          0    00000498    00000004     
                  00000498    00000004     app_ble_uartlog_pem3.oem3 (.const:ti_sysbios_family_arm_m3_Hwi_Object__table__C)

.const:ti_sysbios_family_arm_m3_Hwi_ccr__C 
*          0    0000049c    00000004     
                  0000049c    00000004     app_ble_uartlog_pem3.oem3 (.const:ti_sysbios_family_arm_m3_Hwi_ccr__C)

.const:ti_sysbios_family_arm_m3_Hwi_excHandlerFunc__C 
*          0    000004a0    00000004     
                  000004a0    00000004     app_ble_uartlog_pem3.oem3 (.const:ti_sysbios_family_arm_m3_Hwi_excHandlerFunc__C)

.const:ti_sysbios_family_arm_m3_Hwi_nullIsrFunc__C 
*          0    000004a4    00000004     
                  000004a4    00000004     app_ble_uartlog_pem3.oem3 (.const:ti_sysbios_family_arm_m3_Hwi_nullIsrFunc__C)

.const:ti_sysbios_family_arm_m3_Hwi_numSparseInterrupts__C 
*          0    000004a8    00000004     
                  000004a8    00000004     app_ble_uartlog_pem3.oem3 (.const:ti_sysbios_family_arm_m3_Hwi_numSparseInterrupts__C)

.const:ti_sysbios_family_arm_m3_Hwi_priGroup__C 
*          0    000004ac    00000004     
                  000004ac    00000004     app_ble_uartlog_pem3.oem3 (.const:ti_sysbios_family_arm_m3_Hwi_priGroup__C)

.const:ti_sysbios_family_arm_m3_TaskSupport_stackAlignment__C 
*          0    000004b0    00000004     
                  000004b0    00000004     app_ble_uartlog_pem3.oem3 (.const:ti_sysbios_family_arm_m3_TaskSupport_stackAlignment__C)

.const:ti_sysbios_heaps_HeapMem_E_memory__C 
*          0    000004b4    00000004     
                  000004b4    00000004     app_ble_uartlog_pem3.oem3 (.const:ti_sysbios_heaps_HeapMem_E_memory__C)

.const:ti_sysbios_heaps_HeapMem_Module__gateObj__C 
*          0    000004b8    00000004     
                  000004b8    00000004     app_ble_uartlog_pem3.oem3 (.const:ti_sysbios_heaps_HeapMem_Module__gateObj__C)

.const:ti_sysbios_heaps_HeapMem_Object__count__C 
*          0    000004bc    00000004     
                  000004bc    00000004     app_ble_uartlog_pem3.oem3 (.const:ti_sysbios_heaps_HeapMem_Object__count__C)

.const:ti_sysbios_heaps_HeapMem_Object__table__C 
*          0    000004c0    00000004     
                  000004c0    00000004     app_ble_uartlog_pem3.oem3 (.const:ti_sysbios_heaps_HeapMem_Object__table__C)

.const:ti_sysbios_heaps_HeapMem_reqAlign__C 
*          0    000004c4    00000004     
                  000004c4    00000004     app_ble_uartlog_pem3.oem3 (.const:ti_sysbios_heaps_HeapMem_reqAlign__C)

.const:ti_sysbios_knl_Clock_serviceMargin__C 
*          0    000004c8    00000004     
                  000004c8    00000004     app_ble_uartlog_pem3.oem3 (.const:ti_sysbios_knl_Clock_serviceMargin__C)

.const:ti_sysbios_knl_Mailbox_Object__count__C 
*          0    000004cc    00000004     
                  000004cc    00000004     app_ble_uartlog_pem3.oem3 (.const:ti_sysbios_knl_Mailbox_Object__count__C)

.const:ti_sysbios_knl_Mailbox_Object__table__C 
*          0    000004d0    00000004     
                  000004d0    00000004     app_ble_uartlog_pem3.oem3 (.const:ti_sysbios_knl_Mailbox_Object__table__C)

.const:ti_sysbios_knl_Queue_Object__count__C 
*          0    000004d4    00000004     
                  000004d4    00000004     app_ble_uartlog_pem3.oem3 (.const:ti_sysbios_knl_Queue_Object__count__C)

.const:ti_sysbios_knl_Queue_Object__table__C 
*          0    000004d8    00000004     
                  000004d8    00000004     app_ble_uartlog_pem3.oem3 (.const:ti_sysbios_knl_Queue_Object__table__C)

.const:ti_sysbios_knl_Swi_Object__count__C 
*          0    000004dc    00000004     
                  000004dc    00000004     app_ble_uartlog_pem3.oem3 (.const:ti_sysbios_knl_Swi_Object__count__C)

.const:ti_sysbios_knl_Swi_Object__table__C 
*          0    000004e0    00000004     
                  000004e0    00000004     app_ble_uartlog_pem3.oem3 (.const:ti_sysbios_knl_Swi_Object__table__C)

.const:ti_sysbios_knl_Swi_numPriorities__C 
*          0    000004e4    00000004     
                  000004e4    00000004     app_ble_uartlog_pem3.oem3 (.const:ti_sysbios_knl_Swi_numPriorities__C)

.const:ti_sysbios_knl_Task_Object__count__C 
*          0    000004e8    00000004     
                  000004e8    00000004     app_ble_uartlog_pem3.oem3 (.const:ti_sysbios_knl_Task_Object__count__C)

.const:ti_sysbios_knl_Task_Object__table__C 
*          0    000004ec    00000004     
                  000004ec    00000004     app_ble_uartlog_pem3.oem3 (.const:ti_sysbios_knl_Task_Object__table__C)

.const:ti_sysbios_knl_Task_allBlockedFunc__C 
*          0    000004f0    00000004     
                  000004f0    00000004     app_ble_uartlog_pem3.oem3 (.const:ti_sysbios_knl_Task_allBlockedFunc__C)

.const:ti_sysbios_knl_Task_defaultStackHeap__C 
*          0    000004f4    00000004     
                  000004f4    00000004     app_ble_uartlog_pem3.oem3 (.const:ti_sysbios_knl_Task_defaultStackHeap__C)

.const:ti_sysbios_knl_Task_defaultStackSize__C 
*          0    000004f8    00000004     
                  000004f8    00000004     app_ble_uartlog_pem3.oem3 (.const:ti_sysbios_knl_Task_defaultStackSize__C)

.const:ti_sysbios_knl_Task_numConstructedTasks__C 
*          0    000004fc    00000004     
                  000004fc    00000004     app_ble_uartlog_pem3.oem3 (.const:ti_sysbios_knl_Task_numConstructedTasks__C)

.text.3    0    00000500    00000002     
                  00000500    00000002     ble_user_config.obj (.text:DefaultAssertCback)

.const:ti_sysbios_family_arm_cc26xx_Timer_Module__id__C 
*          0    00000502    00000002     
                  00000502    00000002     app_ble_uartlog_pem3.oem3 (.const:ti_sysbios_family_arm_cc26xx_Timer_Module__id__C)

.const:ti_sysbios_family_arm_cc26xx_TimestampProvider_useClockTimer__C 
*          0    00000504    00000002     
                  00000504    00000002     app_ble_uartlog_pem3.oem3 (.const:ti_sysbios_family_arm_cc26xx_TimestampProvider_useClockTimer__C)

.const:ti_sysbios_family_arm_m3_Hwi_Module__id__C 
*          0    00000506    00000002     
                  00000506    00000002     app_ble_uartlog_pem3.oem3 (.const:ti_sysbios_family_arm_m3_Hwi_Module__id__C)

.const:ti_sysbios_gates_GateHwi_Module__id__C 
*          0    00000508    00000002     
                  00000508    00000002     app_ble_uartlog_pem3.oem3 (.const:ti_sysbios_gates_GateHwi_Module__id__C)

.const:ti_sysbios_gates_GateMutex_Module__id__C 
*          0    0000050a    00000002     
                  0000050a    00000002     app_ble_uartlog_pem3.oem3 (.const:ti_sysbios_gates_GateMutex_Module__id__C)

.const:ti_sysbios_heaps_HeapMem_Module__id__C 
*          0    0000050c    00000002     
                  0000050c    00000002     app_ble_uartlog_pem3.oem3 (.const:ti_sysbios_heaps_HeapMem_Module__id__C)

.const:ti_sysbios_knl_Task_initStackFlag__C 
*          0    0000050e    00000002     
                  0000050e    00000002     app_ble_uartlog_pem3.oem3 (.const:ti_sysbios_knl_Task_initStackFlag__C)

.const:ti_sysbios_knl_Clock_tickMode__C 
*          0    00000510    00000001     
                  00000510    00000001     app_ble_uartlog_pem3.oem3 (.const:ti_sysbios_knl_Clock_tickMode__C)

.const:xdc_runtime_Startup_firstFxns__C 
*          0    00000514    00000008     
                  00000514    00000008     app_ble_uartlog_pem3.oem3 (.const:xdc_runtime_Startup_firstFxns__C)

.const:xdc_runtime_Startup_lastFxns__C 
*          0    0000051c    00000008     
                  0000051c    00000008     app_ble_uartlog_pem3.oem3 (.const:xdc_runtime_Startup_lastFxns__C)

.const:xdc_runtime_Assert_E_assertFailed__C 
*          0    00000524    00000004     
                  00000524    00000004     app_ble_uartlog_pem3.oem3 (.const:xdc_runtime_Assert_E_assertFailed__C)

.const:xdc_runtime_Error_E_memory__C 
*          0    00000528    00000004     
                  00000528    00000004     app_ble_uartlog_pem3.oem3 (.const:xdc_runtime_Error_E_memory__C)

.const:xdc_runtime_Error_policyFxn__C 
*          0    0000052c    00000004     
                  0000052c    00000004     app_ble_uartlog_pem3.oem3 (.const:xdc_runtime_Error_policyFxn__C)

.const:xdc_runtime_IGateProvider_Interface__BASE__C 
*          0    00000530    00000004     
                  00000530    00000004     app_ble_uartlog_pem3.oem3 (.const:xdc_runtime_IGateProvider_Interface__BASE__C)

.const:xdc_runtime_IHeap_Interface__BASE__C 
*          0    00000534    00000004     
                  00000534    00000004     app_ble_uartlog_pem3.oem3 (.const:xdc_runtime_IHeap_Interface__BASE__C)

.const:xdc_runtime_IModule_Interface__BASE__C 
*          0    00000538    00000004     
                  00000538    00000004     app_ble_uartlog_pem3.oem3 (.const:xdc_runtime_IModule_Interface__BASE__C)

.const:xdc_runtime_Main_Module__diagsEnabled__C 
*          0    0000053c    00000004     
                  0000053c    00000004     app_ble_uartlog_pem3.oem3 (.const:xdc_runtime_Main_Module__diagsEnabled__C)

.const:xdc_runtime_Main_Module__diagsIncluded__C 
*          0    00000540    00000004     
                  00000540    00000004     app_ble_uartlog_pem3.oem3 (.const:xdc_runtime_Main_Module__diagsIncluded__C)

.const:xdc_runtime_Main_Module__diagsMask__C 
*          0    00000544    00000004     
                  00000544    00000004     app_ble_uartlog_pem3.oem3 (.const:xdc_runtime_Main_Module__diagsMask__C)

.const:xdc_runtime_Memory_defaultHeapInstance__C 
*          0    00000548    00000004     
                  00000548    00000004     app_ble_uartlog_pem3.oem3 (.const:xdc_runtime_Memory_defaultHeapInstance__C)

.const:xdc_runtime_Startup_execImpl__C 
*          0    0000054c    00000004     
                  0000054c    00000004     app_ble_uartlog_pem3.oem3 (.const:xdc_runtime_Startup_execImpl__C)

.const:xdc_runtime_Startup_maxPasses__C 
*          0    00000550    00000004     
                  00000550    00000004     app_ble_uartlog_pem3.oem3 (.const:xdc_runtime_Startup_maxPasses__C)

.const:xdc_runtime_Startup_sfxnRts__C 
*          0    00000554    00000004     
                  00000554    00000004     app_ble_uartlog_pem3.oem3 (.const:xdc_runtime_Startup_sfxnRts__C)

.const:xdc_runtime_Startup_sfxnTab__C 
*          0    00000558    00000004     
                  00000558    00000004     app_ble_uartlog_pem3.oem3 (.const:xdc_runtime_Startup_sfxnTab__C)

.const:xdc_runtime_Startup_startModsFxn__C 
*          0    0000055c    00000004     
                  0000055c    00000004     app_ble_uartlog_pem3.oem3 (.const:xdc_runtime_Startup_startModsFxn__C)

.const:xdc_runtime_SysCallback_abortFxn__C 
*          0    00000560    00000004     
                  00000560    00000004     app_ble_uartlog_pem3.oem3 (.const:xdc_runtime_SysCallback_abortFxn__C)

.const:xdc_runtime_SysCallback_exitFxn__C 
*          0    00000564    00000004     
                  00000564    00000004     app_ble_uartlog_pem3.oem3 (.const:xdc_runtime_SysCallback_exitFxn__C)

.const:xdc_runtime_System_abortFxn__C 
*          0    00000568    00000004     
                  00000568    00000004     app_ble_uartlog_pem3.oem3 (.const:xdc_runtime_System_abortFxn__C)

.const:xdc_runtime_System_exitFxn__C 
*          0    0000056c    00000004     
                  0000056c    00000004     app_ble_uartlog_pem3.oem3 (.const:xdc_runtime_System_exitFxn__C)

.const:xdc_runtime_System_maxAtexitHandlers__C 
*          0    00000570    00000004     
                  00000570    00000004     app_ble_uartlog_pem3.oem3 (.const:xdc_runtime_System_maxAtexitHandlers__C)

.const:xdc_runtime_Text_charTab__C 
*          0    00000574    00000004     
                  00000574    00000004     app_ble_uartlog_pem3.oem3 (.const:xdc_runtime_Text_charTab__C)

.const:xdc_runtime_Text_nameEmpty__C 
*          0    00000578    00000004     
                  00000578    00000004     app_ble_uartlog_pem3.oem3 (.const:xdc_runtime_Text_nameEmpty__C)

.const:xdc_runtime_Text_nameStatic__C 
*          0    0000057c    00000004     
                  0000057c    00000004     app_ble_uartlog_pem3.oem3 (.const:xdc_runtime_Text_nameStatic__C)

.const:xdc_runtime_Text_nameUnknown__C 
*          0    00000580    00000004     
                  00000580    00000004     app_ble_uartlog_pem3.oem3 (.const:xdc_runtime_Text_nameUnknown__C)

.const:xdc_runtime_Main_Module__id__C 
*          0    00000584    00000002     
                  00000584    00000002     app_ble_uartlog_pem3.oem3 (.const:xdc_runtime_Main_Module__id__C)

.const:xdc_runtime_Memory_Module__id__C 
*          0    00000586    00000002     
                  00000586    00000002     app_ble_uartlog_pem3.oem3 (.const:xdc_runtime_Memory_Module__id__C)

.const:xdc_runtime_Text_charCnt__C 
*          0    00000588    00000002     
                  00000588    00000002     app_ble_uartlog_pem3.oem3 (.const:xdc_runtime_Text_charCnt__C)

.const:xdc_runtime_Text_isLoaded__C 
*          0    0000058a    00000002     
                  0000058a    00000002     app_ble_uartlog_pem3.oem3 (.const:xdc_runtime_Text_isLoaded__C)

.const:xdc_runtime_Error_policy__C 
*          0    0000058c    00000001     
                  0000058c    00000001     app_ble_uartlog_pem3.oem3 (.const:xdc_runtime_Error_policy__C)

.const:ti_sysbios_rom_ROM_AONRTCChannelEnable 
*          0    00000590    00000004     
                  00000590    00000004     app_ble_uartlog_pem3.oem3 (.const:ti_sysbios_rom_ROM_AONRTCChannelEnable)

.const:ti_sysbios_rom_ROM_AONRTCCompareValueSet 
*          0    00000594    00000004     
                  00000594    00000004     app_ble_uartlog_pem3.oem3 (.const:ti_sysbios_rom_ROM_AONRTCCompareValueSet)

.const:ti_sysbios_rom_ROM_AONRTCCurrentCompareValueGet 
*          0    00000598    00000004     
                  00000598    00000004     app_ble_uartlog_pem3.oem3 (.const:ti_sysbios_rom_ROM_AONRTCCurrentCompareValueGet)

.const:ti_sysbios_rom_ROM_AONRTCEventClear 
*          0    0000059c    00000004     
                  0000059c    00000004     app_ble_uartlog_pem3.oem3 (.const:ti_sysbios_rom_ROM_AONRTCEventClear)

.const:ti_sysbios_rom_ROM_ti_sysbios_family_arm_cc26xx_Timer_getCount64__E 
*          0    000005a0    00000004     
                  000005a0    00000004     app_ble_uartlog_pem3.oem3 (.const:ti_sysbios_rom_ROM_ti_sysbios_family_arm_cc26xx_Timer_getCount64__E)

.const:ti_sysbios_rom_ROM_ti_sysbios_family_arm_cc26xx_Timer_getCurrentTick__E 
*          0    000005a4    00000004     
                  000005a4    00000004     app_ble_uartlog_pem3.oem3 (.const:ti_sysbios_rom_ROM_ti_sysbios_family_arm_cc26xx_Timer_getCurrentTick__E)

.const:ti_sysbios_rom_ROM_ti_sysbios_family_arm_cc26xx_Timer_getMaxTicks__E 
*          0    000005a8    00000004     
                  000005a8    00000004     app_ble_uartlog_pem3.oem3 (.const:ti_sysbios_rom_ROM_ti_sysbios_family_arm_cc26xx_Timer_getMaxTicks__E)

.const:ti_sysbios_rom_ROM_ti_sysbios_family_arm_cc26xx_Timer_initDevice__I 
*          0    000005ac    00000004     
                  000005ac    00000004     app_ble_uartlog_pem3.oem3 (.const:ti_sysbios_rom_ROM_ti_sysbios_family_arm_cc26xx_Timer_initDevice__I)

.const:ti_sysbios_rom_ROM_ti_sysbios_family_arm_cc26xx_Timer_setNextTick__E 
*          0    000005b0    00000004     
                  000005b0    00000004     app_ble_uartlog_pem3.oem3 (.const:ti_sysbios_rom_ROM_ti_sysbios_family_arm_cc26xx_Timer_setNextTick__E)

.const:ti_sysbios_rom_ROM_ti_sysbios_family_arm_cc26xx_Timer_setThreshold__I 
*          0    000005b4    00000004     
                  000005b4    00000004     app_ble_uartlog_pem3.oem3 (.const:ti_sysbios_rom_ROM_ti_sysbios_family_arm_cc26xx_Timer_setThreshold__I)

.const:ti_sysbios_rom_ROM_ti_sysbios_family_arm_cc26xx_Timer_start__E 
*          0    000005b8    00000004     
                  000005b8    00000004     app_ble_uartlog_pem3.oem3 (.const:ti_sysbios_rom_ROM_ti_sysbios_family_arm_cc26xx_Timer_start__E)

.const:ti_sysbios_rom_ROM_ti_sysbios_family_arm_cc26xx_TimestampProvider_get32__E 
*          0    000005bc    00000004     
                  000005bc    00000004     app_ble_uartlog_pem3.oem3 (.const:ti_sysbios_rom_ROM_ti_sysbios_family_arm_cc26xx_TimestampProvider_get32__E)

.const:ti_sysbios_rom_ROM_xdc_runtime_Startup_getState__I 
*          0    000005c0    00000004     
                  000005c0    00000004     app_ble_uartlog_pem3.oem3 (.const:ti_sysbios_rom_ROM_xdc_runtime_Startup_getState__I)

.const:ti_sysbios_rom_ROM_xdc_runtime_System_SupportProxy_abort__E 
*          0    000005c4    00000004     
                  000005c4    00000004     app_ble_uartlog_pem3.oem3 (.const:ti_sysbios_rom_ROM_xdc_runtime_System_SupportProxy_abort__E)

.const:ti_sysbios_rom_ROM_xdc_runtime_System_SupportProxy_exit__E 
*          0    000005c8    00000004     
                  000005c8    00000004     app_ble_uartlog_pem3.oem3 (.const:ti_sysbios_rom_ROM_xdc_runtime_System_SupportProxy_exit__E)

.const:ti_sysbios_gates_GateMutex_Instance_State_sem__O 
*          0    000005cc    00000004     
                  000005cc    00000004     app_ble_uartlog_pem3.oem3 (.const:ti_sysbios_gates_GateMutex_Instance_State_sem__O)

.const:ti_sysbios_knl_Clock_Module_State_clockQ__O 
*          0    000005d0    00000004     
                  000005d0    00000004     app_ble_uartlog_pem3.oem3 (.const:ti_sysbios_knl_Clock_Module_State_clockQ__O)

.const:ti_sysbios_knl_Mailbox_Instance_State_dataQue__O 
*          0    000005d4    00000004     
                  000005d4    00000004     app_ble_uartlog_pem3.oem3 (.const:ti_sysbios_knl_Mailbox_Instance_State_dataQue__O)

.const:ti_sysbios_knl_Mailbox_Instance_State_dataSem__O 
*          0    000005d8    00000004     
                  000005d8    00000004     app_ble_uartlog_pem3.oem3 (.const:ti_sysbios_knl_Mailbox_Instance_State_dataSem__O)

.const:ti_sysbios_knl_Mailbox_Instance_State_freeQue__O 
*          0    000005dc    00000004     
                  000005dc    00000004     app_ble_uartlog_pem3.oem3 (.const:ti_sysbios_knl_Mailbox_Instance_State_freeQue__O)

.const:ti_sysbios_knl_Mailbox_Instance_State_freeSem__O 
*          0    000005e0    00000004     
                  000005e0    00000004     app_ble_uartlog_pem3.oem3 (.const:ti_sysbios_knl_Mailbox_Instance_State_freeSem__O)

.const:ti_sysbios_knl_Semaphore_Instance_State_pendQ__O 
*          0    000005e4    00000004     
                  000005e4    00000004     app_ble_uartlog_pem3.oem3 (.const:ti_sysbios_knl_Semaphore_Instance_State_pendQ__O)

.const:ti_sysbios_knl_Task_Module_State_inactiveQ__O 
*          0    000005e8    00000004     
                  000005e8    00000004     app_ble_uartlog_pem3.oem3 (.const:ti_sysbios_knl_Task_Module_State_inactiveQ__O)

.text.4    0    000005ec    0000beb4     
                  000005ec    00000494     project_zero.obj (.text:ProjectZero_init$0)
                  00000a80    000003ec     data_service.obj (.text:Data_Service_WriteAttrCB$13)
                  00000e6c    0000037c     rf_singleMode_cc26xxware.aem3 : RFCC26XX_singleMode.oem3 (.text:fsmActiveState)
                  000011e8    00000344     data_service.obj (.text:DataService_SetParameter)
                  0000152c    00000338     rom_sysbios.aem3 : rom_sysbios.obj (.text:xdc_runtime_System_doPrint__I)
                  00001864    00000328     button_service.obj (.text:ButtonService_SetParameter)
                  00001b8c    00000310     led_service.obj (.text:LED_Service_WriteAttrCB$17)
                  00001e9c    000002ec     peripheral.obj (.text:gapRole_processGAPMsg$18)
                  00002188    000002b4     project_zero.obj (.text:user_processGapStateChangeEvt$0)
                  0000243c    00000244     project_zero.obj (.text:ProjectZero_processGATTMsg$0)
                  00002680    00000240     button_service.obj (.text:Button_Service_ReadAttrCB$12)
                  000028c0    0000023c     data_service.obj (.text:Data_Service_ReadAttrCB$13)
                  00002afc    0000023c     peripheral.obj (.text:GAPRole_SetParameter)
                  00002d38    0000023c     led_service.obj (.text:LED_Service_ReadAttrCB$17)
                  00002f74    00000234     project_zero.obj (.text:user_LedService_ValueChangeHandler$0)
                  000031a8    00000228     drivers_cc26xxware.aem3 : PowerCC26XX.oem3 (.text:Power_sleep)
                  000033d0    0000021c     led_service.obj (.text:LedService_SetParameter)
                  000035ec    00000204     driverlib.lib : sys_ctrl.obj (.text:NOROM_SysCtrlSetRechargeBeforePowerDown)
                  000037f0    000001f4     rtsv7M3_T_le_eabi.lib : ull_div_t2.obj (.text)
                  000039e4    000001d0     button_service.obj (.text:Button_Service_WriteAttrCB$12)
                  00003bb4    000001d0     drivers_cc26xxware.aem3 : PowerCC26XX_calibrateRCOSC.oem3 (.text:calibrateRcoscHf1)
                  00003d84    000001cc     rf_singleMode_cc26xxware.aem3 : RFCC26XX_singleMode.oem3 (.text:abortCmd)
                  00003f50    000001c4     drivers_cc26xxware.aem3 : PINCC26XX.oem3 (.text:PIN_init)
                  00004114    000001b0     rf_singleMode_cc26xxware.aem3 : RFCC26XX_singleMode.oem3 (.text:RF_postCmd)
                  000042c4    000001a0     project_zero.obj (.text:user_gapBondMgr_pairStateCB$0)
                  00004464    00000190     drivers_cc26xxware.aem3 : UARTCC26XX.oem3 (.text:UARTCC26XX_open)
                  000045f4    00000184                             : PowerCC26XX_calibrateRCOSC.oem3 (.text:PowerCC26XX_doCalibrate)
                  00004778    00000184     project_zero.obj (.text:user_DataService_ValueChangeHandler$0)
                  000048fc    00000178     project_zero.obj (.text:ProjectZero_freeAttRsp$0)
                  00004a74    0000016c     project_zero.obj (.text:user_ButtonService_CfgChangeHandler$0)
                  00004be0    00000160     project_zero.obj (.text:user_processApplicationMessage$0)
                  00004d40    00000158     uart_logs.obj (.text:uartLog_doPrint$21)
                  00004e98    00000130     driverlib.lib : setup.obj (.text:NOROM_SetupAfterColdResetWakeupFromShutDownCfg3)
                  00004fc8    00000128     rf_singleMode_cc26xxware.aem3 : RFCC26XX_singleMode.oem3 (.text:rf_init)
                  000050f0    00000120     peripheral.obj (.text:GAPRole_GetParameter)
                  00005210    0000011c     drivers_cc26xxware.aem3 : PowerCC26XX.oem3 (.text:Power_init)
                  0000532c    0000011c     project_zero.obj (.text:user_DataService_CfgChangeHandler$0)
                  00005448    00000118     rf_singleMode_cc26xxware.aem3 : RFCC26XX_singleMode.oem3 (.text:fsmSetupState)
                  00005560    00000118                                   : RFCC26XX_singleMode.oem3 (.text:hwiFxnCpe0Active)
                  00005678    00000100     project_zero.obj (.text:user_handleButtonPress$0)
                  00005778    000000fc     drivers_cc26xxware.aem3 : UARTCC26XX.oem3 (.text:UARTCC26XX_write)
                  00005874    000000fc     peripheral.obj (.text:gapRole_taskFxn$18)
                  00005970    000000fc     rtsv7M3_T_le_eabi.lib : fd_mul_t2.obj (.text)
                  00005a6c    000000f8     project_zero.obj (.text:ProjectZero_sendAttRsp$0)
                  00005b64    000000f8     app_ble_uartlog_pem3.oem3 (.text:xdc_runtime_System_printfExtend__I)
                  00005c5c    000000f4     project_zero.obj (.text:user_service_ValueChangeCB$0)
                  00005d50    000000f0     project_zero.obj (.text:user_service_CfgChangeCB$0)
                  00005e40    000000ec     icall.obj (.text:ICall_primWaitMatch$8)
                  00005f2c    000000ec     drivers_cc26xxware.aem3 : UARTCC26XX.oem3 (.text:UARTCC26XX_hwiIntFxn)
                  00006018    000000e4     driverlib.lib : setup.obj (.text:NOROM_SetupAfterColdResetWakeupFromShutDownCfg2)
                  000060fc    000000e0     button_service.obj (.text:ButtonService_AddService)
                  000061dc    000000d8     project_zero.obj (.text:buttonCallbackFxn$0)
                  000062b4    000000d8     rf_singleMode_cc26xxware.aem3 : RFCC26XX_singleMode.oem3 (.text:fsmPowerUpState)
                  0000638c    000000d4     drivers_cc26xxware.aem3 : PowerCC26XX.oem3 (.text:Power_releaseDependency)
                  00006460    000000d0                             : PowerCC26XX.oem3 (.text:Power_setDependency)
                  00006530    000000d0     project_zero.obj (.text:processTaskAlert$0)
                  00006600    000000d0     scif_framework.obj (.text:scifInit)
                  000066d0    000000cc     driverlib.lib : setup.obj (.text:TrimAfterColdResetWakeupFromShutDown)
                  0000679c    000000c8     data_service.obj (.text:DataService_AddService)
                  00006864    000000c8     drivers_cc26xxware.aem3 : UARTCC26XX.oem3 (.text:UARTCC26XX_initHw)
                  0000692c    000000c4     rf_singleMode_cc26xxware.aem3 : RFCC26XX_singleMode.oem3 (.text:RF_open)
                  000069f0    000000bc     power_cc26xx_tirtos.aem3 : PowerCC26XX_tirtos.oem3 (.text:PowerCC26XX_standbyPolicy)
                  00006aac    000000bc     drivers_cc26xxware.aem3 : UARTCC26XX.oem3 (.text:UARTCC26XX_read)
                  00006b68    000000b8                             : PINCC26XX.oem3 (.text:PINCC26XX_setIoCfg)
                  00006c20    000000b8     project_zero.obj (.text:ProjectZero_processStackMsg$0)
                  00006cd8    000000b8     project_zero.obj (.text:user_gapStateChangeCB$0)
                  00006d90    000000b4     led_service.obj (.text:LedService_RegisterAppCBs)
                  00006e44    000000b0     data_service.obj (.text:DataService_RegisterAppCBs)
                  00006ef4    000000b0     devinfoservice.obj (.text:devInfo_ReadAttrCB$14)
                  00006fa4    000000ac     led_service.obj (.text:LedService_AddService)
                  00007050    000000a8     rf_singleMode_cc26xxware.aem3 : RFCC26XX_singleMode.oem3 (.text:swiFxnHw)
                  000070f8    000000a4     driverlib.lib : setup.obj (.text:NOROM_SetupTrimDevice)
                  0000719c    000000a0     auto_init.aem3 : auto_init.oem3 (.text)
                  0000723c    0000009c     rtsv7M3_T_le_eabi.lib : memcpy_t2.obj (.text)
                  000072d8    0000009c     scif_framework.obj (.text:scifCtrlTasksNbl$2)
                  00007374    0000009a     rom_sysbios.aem3 : rom_sysbios.obj (.text:xdc_runtime_Text_putSite__E)
                  0000740e    00000002     driverlib.lib : rfc.obj (.text:NOROM_RFCAdi3VcoLdoVoltageMode)
                  00007410    00000098     gattservapp_util.obj (.text:GATTServApp_ProcessCharCfg)
                  000074a8    00000098     rom_sysbios.aem3 : rom_sysbios.obj (.text:ti_sysbios_knl_Clock_workFuncDynamic__E)
                  00007540    00000094     drivers_cc26xxware.aem3 : PINCC26XX.oem3 (.text:PIN_open)
                  000075d4    00000094                             : UARTCC26XX.oem3 (.text:writeFinishedDoCallback)
                  00007668    00000094     rom_sysbios.aem3 : rom_sysbios.obj (.text:xdc_runtime_Text_putMod__E)
                  000076fc    00000090     peripheral.obj (.text:gapRole_init$18)
                  0000778c    00000090     drivers_cc26xxware.aem3 : PowerCC26XX.oem3 (.text:switchXOSCHFclockFunc)
                  0000781c    0000008c     driverlib.lib : osc.obj (.text:NOROM_OSCHF_GetStartupTime)
                  000078a8    0000008c     drivers_cc26xxware.aem3 : UARTCC26XX.oem3 (.text:UARTCC26XX_initIO)
                  00007934    0000008c                             : UARTCC26XX.oem3 (.text:UARTCC26XX_writeCancel)
                  000079c0    00000084     icall.obj (.text:ICall_heapMalloc)
                  00007a44    00000084     icall.obj (.text:ICall_primSetTimer$8)
                  00007ac8    00000084     TRNGCC26XX.obj (.text:TRNGCC26XX_getNumber)
                  00007b4c    00000080     project_zero.obj (.text:ProjectZero_taskFxn$0)
                  00007bcc    00000080     rf_singleMode_cc26xxware.aem3 : RFCC26XX_singleMode.oem3 (.text:RF_pendCmd)
                  00007c4c    00000080     uart_logs.obj (.text:uartLog_outputFxn)
                  00007ccc    0000007c     icall.obj (.text:ICall_createRemoteTasks)
                  00007d48    0000007c     drivers_cc26xxware.aem3 : PowerCC26XX.oem3 (.text:disableLFClockQualifiers)
                  00007dc4    0000007a     rtsv7M3_T_le_eabi.lib : memset_t2.obj (.text)
                  00007e3e    00000002     driverlib.lib : rfc.obj (.text:NOROM_RFCRTrim)
                  00007e40    00000078                   : setup.obj (.text:NOROM_SetupAfterColdResetWakeupFromShutDownCfg1)
                  00007eb8    00000078     drivers_cc26xxware.aem3 : UARTCC26XX.oem3 (.text:UARTCC26XX_close)
                  00007f30    00000078     scif.obj (.text:scifTaskResourceInit$1)
                  00007fa8    00000074     icall_cc2650.obj (.text:ICallPlatform_pwrUpdActivityCounter)
                  0000801c    00000074     icall.obj (.text:ICall_primSend$8)
                  00008090    00000074     drivers_cc26xxware.aem3 : PowerCC26XX_calibrateRCOSC.oem3 (.text:PowerCC26XX_auxISR)
                  00008104    00000074                             : PowerCC26XX_calibrateRCOSC.oem3 (.text:calibrateRcoscHf2)
                  00008178    00000074     rf_singleMode_cc26xxware.aem3 : RFCC26XX_singleMode.oem3 (.text:fsmPowerDownState)
                  000081ec    00000074     peripheral.obj (.text:gapRole_startConnUpdate$18)
                  00008260    00000074     drivers_cc26xxware.aem3 : UARTCC26XX.oem3 (.text:writeTxFifoFlush)
                  000082d4    00000070     driverlib.lib : chipinfo.obj (.text:NOROM_ChipInfo_GetHwRevision)
                  00008344    00000070     drivers_cc26xxware.aem3 : UARTCC26XX.oem3 (.text:UARTCC26XX_readCancel)
                  000083b4    00000070     gattservapp_util.obj (.text:gattServApp_SendNotiInd$16)
                  00008424    0000006d     rom_sysbios.aem3 : rom_sysbios.obj (.text:xdc_runtime_System_formatNum__I)
                  00008491    00000001     --HOLE-- [fill = 0]
                  00008492    00000002     rf_singleMode_cc26xxware.aem3 : RFCC26XX_singleMode.oem3 (.text:defaultErrCb)
                  00008494    0000006c     icall.obj (.text:ICall_heapInit)
                  00008500    0000006c     driverlib.lib : setup.obj (.text:NOROM_SetupGetTrimForAmpcompCtrl)
                  0000856c    0000006c     drivers_cc26xxware.aem3 : PowerCC26XX.oem3 (.text:PowerCC26XX_calibrate)
                  000085d8    0000006c     project_zero.obj (.text:buttonDebounceSwiFxn$0)
                  00008644    0000006a     rtsv7M3_T_le_eabi.lib : copy_decompress_rle.obj (.text)
                  000086ae    00000002     drivers_cc26xxware.aem3 : PowerCC26XX.oem3 (.text:emptyClockFunc)
                  000086b0    00000068     driverlib.lib : setup.obj (.text:NOROM_SetupGetTrimForAnabypassValue1)
                  00008718    00000068                   : sys_ctrl.obj (.text:NOROM_SysCtrl_DCDC_VoltageConditionalControl)
                  00008780    00000068     rf_singleMode_cc26xxware.aem3 : RFCC26XX_singleMode.oem3 (.text:RF_getCurrentTime)
                  000087e8    00000068                                   : RFCC26XX_singleMode.oem3 (.text:RF_getInfo)
                  00008850    00000068     project_zero.obj (.text:Util_convertArrayToHexString$0)
                  000088b8    00000068     uart_logs.obj (.text:uartLog_flush)
                  00008920    00000064     rf_singleMode_cc26xxware.aem3 : RFCC26XX_singleMode.oem3 (.text:decActiveClientCnt)
                  00008984    00000064     rom_sysbios.aem3 : rom_sysbios.obj (.text:ti_sysbios_family_arm_cc26xx_Timer_start__E)
                  000089e8    00000060     icall.obj (.text:ICall_primEnroll$8)
                  00008a48    00000060     drivers_cc26xxware.aem3 : PowerCC26XX_calibrateRCOSC.oem3 (.text:PowerCC26XX_RCOSC_clockFunc)
                  00008aa8    00000060                             : PowerCC26XX_calibrateRCOSC.oem3 (.text:updateSubSecInc)
                  00008b08    0000005c     icall.obj (.text:ICall_primThreadServes$8)
                  00008b64    0000005c     driverlib.lib : osc.obj (.text:NOROM_OSCHF_AttemptToSwitchToXosc)
                  00008bc0    0000005c                   : sys_ctrl.obj (.text:NOROM_SysCtrlAdjustRechargeAfterPowerDown)
                  00008c1c    0000005c     drivers_cc26xxware.aem3 : PINCC26XX.oem3 (.text:PIN_remove)
                  00008c78    0000005c     app_ble_uartlog_pem3.oem3 (.text:xdc_runtime_Startup_getState__I)
                  00008cd4    0000005b     rom_sysbios.aem3 : rom_sysbios.obj (.text:xdc_runtime_Text_putLab__E)
                  00008d2f    00000001     --HOLE-- [fill = 0]
                  00008d30    00000058     drivers_cc26xxware.aem3 : PowerCC26XX_calibrateRCOSC.oem3 (.text:PowerCC26XX_initiateCalibration)
                  00008d88    00000058                             : UARTCC26XX.oem3 (.text:UARTCC26XX_control)
                  00008de0    00000058     rf_singleMode_cc26xxware.aem3 : RFCC26XX_singleMode.oem3 (.text:fsmXOSCState)
                  00008e38    00000054     drivers_cc26xxware.aem3 : PowerCC26XX.oem3 (.text:configureXOSCHF)
                  00008e8c    00000054     rf_singleMode_cc26xxware.aem3 : RFCC26XX_singleMode.oem3 (.text:dispatchOpWhen)
                  00008ee0    00000054                                   : RFCC26XX_singleMode.oem3 (.text:hwiFxnHw)
                  00008f34    00000054                                   : RFCC26XX_singleMode.oem3 (.text:ratChanFree)
                  00008f88    00000054     scif_framework.obj (.text:scifInitIo)
                  00008fdc    00000054     project_zero.obj (.text:user_enqueueCharDataMsg$0)
                  00009030    00000052     icall.obj (.text:ICall_primWait$8)
                  00009082    00000052     scif.obj (.text:scifTaskResourceUninit$1)
                  000090d4    00000050     icall_api.obj (.text:GAP_DeviceInit)
                  00009124    00000050     icall_api.obj (.text:GAP_UpdateAdvertisingData)
                  00009174    00000050     icall.obj (.text:ICall_primRegisterApp$8)
                  000091c4    00000050     driverlib.lib : setup.obj (.text:NOROM_SetupSetCacheModeAccordingToCcfgSetting)
                  00009214    00000050     util.obj (.text:Util_convertBdAddr2Str)
                  00009264    00000050     rf_singleMode_cc26xxware.aem3 : RFCC26XX_singleMode.oem3 (.text:syncCb)
                  000092b4    0000004c     button_service.obj (.text:Button_Service_findCharParamId$12)
                  00009300    0000004c     data_service.obj (.text:Data_Service_findCharParamId$13)
                  0000934c    0000004c     icall_cc2650.obj (.text:ICallPlatform_pwrRegisterNotify)
                  00009398    0000004c     icall.obj (.text:ICall_newTask$8)
                  000093e4    0000004c     icall.obj (.text:ICall_primGetEntityId$8)
                  00009430    0000004c     led_service.obj (.text:LED_Service_findCharParamId$17)
                  0000947c    0000004c     driverlib.lib : osc.obj (.text:NOROM_OSCClockSourceSet)
                  000094c8    0000004c     drivers_cc26xxware.aem3 : UARTCC26XX.oem3 (.text:UARTCC26XX_swiIntFxn)
                  00009514    0000004c     rf_singleMode_cc26xxware.aem3 : RFCC26XX_singleMode.oem3 (.text:applyRfCorePatch)
                  00009560    0000004c     peripheral.obj (.text:gapRole_processStackMsg$18)
                  000095ac    0000004c     rtsv7M3_T_le_eabi.lib : cpy_tbl.obj (.text)
                  000095f8    0000004c     drivers_cc26xxware.aem3 : UARTCC26XX.oem3 (.text:startTxFifoEmptyClk)
                  00009644    0000004c     rom_sysbios.aem3 : rom_sysbios.obj (.text:xdc_runtime_Text_visitRope2__I)
                  00009690    0000004a     gattservapp_util.obj (.text:GATTServApp_ProcessCCCWriteReq)
                  000096da    00000002     rtsv7M3_T_le_eabi.lib : i_div0.obj (.text)
                  000096dc    00000048     driverlib.lib : chipinfo.obj (.text:NOROM_ChipInfo_GetChipFamily)
                  00009724    00000048                   : ddi.obj (.text:NOROM_DDI16BitfieldWrite)
                  0000976c    00000048     drivers_cc26xxware.aem3 : PINCC26XX.oem3 (.text:PIN_setOutputEnable)
                  000097b4    00000048                             : PINCC26XX.oem3 (.text:PIN_swi)
                  000097fc    00000048     rf_singleMode_cc26xxware.aem3 : RFCC26XX_singleMode.oem3 (.text:RF_getRssi)
                  00009844    00000048                                   : RFCC26XX_singleMode.oem3 (.text:RF_runCmd)
                  0000988c    00000048     project_zero.obj (.text:Util_getLocalNameStr$0)
                  000098d4    00000048     icall_api.obj (.text:gattIndNoti$11)
                  0000991c    00000048     drivers_cc26xxware.aem3 : PowerCC26XX.oem3 (.text:notify)
                  00009964    00000048     rtsv7M3_T_le_eabi.lib : fd_toi_t2.obj (.text)
                  000099ac    00000044     main.obj (.text:AssertHandler)
                  000099f0    00000044     icall_api.obj (.text:GAP_TerminateLinkReq)
                  00009a34    00000044     boot.aem3 : boot.oem3 (.text)
                  00009a78    00000044     icall_api.obj (.text:gapSendParamAndPtrCmd$11)
                  00009abc    00000044     rtsv7M3_T_le_eabi.lib : exit.obj (.text)
                  00009b00    00000044     project_zero.obj (.text:user_enqueueRawAppMsg$0)
                  00009b44    00000044     rom_sysbios.aem3 : rom_sysbios.obj (.text:xdc_runtime_LoggerCallback_write8__E)
                  00009b88    00000044                      : rom_sysbios.obj (.text:xdc_runtime_Text_xprintf__I)
                  00009bcc    00000042     icall.obj (.text:ICall_primCreateTask$8)
                  00009c0e    00000002     rom_sysbios.aem3 : rom_sysbios.obj (.text:ti_sysbios_BIOS_linkedWithIncorrectBootLibrary__E)
                  00009c10    00000040     peripheral.obj (.text:GAPRole_SendUpdateParam)
                  00009c50    00000040     peripheral.obj (.text:GAPRole_createTask)
                  00009c90    00000040     icall_api.obj (.text:GATT_SendRsp)
                  00009cd0    00000040     driverlib.lib : ddi.obj (.text:NOROM_DDI16BitfieldRead)
                  00009d10    00000040     project_zero.obj (.text:ProjectZero_createTask)
                  00009d50    00000040     rtsv7M3_T_le_eabi.lib : u_divt2.obj (.text)
                  00009d90    00000040     rom_sysbios.aem3 : rom_sysbios.obj (.text:xdc_runtime_LoggerCallback_Module_startup__E)
                  00009dd0    0000003e     icall_api.obj (.text:hciSendParamsCmd$11)
                  00009e0e    00000002     app_ble_uartlog_pem3.oem3 (.text:ti_sysbios_BIOS_nullFunc__I)
                  00009e10    0000003c     icall_api.obj (.text:GAP_GetParamValue)
                  00009e4c    0000003c     icall_api.obj (.text:GATTServApp_RegisterService)
                  00009e88    0000003c     icall_cc2650.obj (.text:ICallPlatform_pwrConfigACAction)
                  00009ec4    0000003c     driverlib.lib : osc.obj (.text:NOROM_OSC_HPOSCRelativeFrequencyOffsetGet)
                  00009f00    0000003c                   : rfc.obj (.text:NOROM_RFCSynthPowerDown)
                  00009f3c    0000003c     drivers_cc26xxware.aem3 : PINCC26XX.oem3 (.text:PIN_setOutputValue)
                  00009f78    0000003c     rf_singleMode_cc26xxware.aem3 : RFCC26XX_singleMode.oem3 (.text:postDirImmCmd)
                  00009fb4    0000003c     icall_api.obj (.text:profileSetParameter$11)
                  00009ff0    0000003c     icall_api.obj (.text:sendWaitMatchCS$11)
                  0000a02c    0000003c     icall_api.obj (.text:sendWaitMatchValueCS$11)
                  0000a068    00000038     icall_api.obj (.text:GAPBondMgr_LinkEst)
                  0000a0a0    00000038     icall.obj (.text:ICall_primGetMaxMSecs$8)
                  0000a0d8    00000038     drivers_cc26xxware.aem3 : UART.oem3 (.text:UART_init)
                  0000a110    00000038     util.obj (.text:Util_restartClock)
                  0000a148    00000038     icall_api.obj (.text:linkDB_NumConns)
                  0000a180    00000038     main.obj (.text:main)
                  0000a1b8    00000008     (.tramp.ti_sysbios_BIOS_start__E.1)
                  0000a1c0    00000038     drivers_cc26xxware.aem3 : UARTCC26XX.oem3 (.text:readData)
                  0000a1f8    00000038     icall_api.obj (.text:registerTask$11)
                  0000a230    00000038     scif_framework.obj (.text:scifOsalInit)
                  0000a268    00000038     rom_sysbios.aem3 : rom_sysbios.obj (.text:ti_sysbios_family_arm_cc26xx_Timer_getCurrentTick__E)
                  0000a2a0    00000038     drivers_cc26xxware.aem3 : UARTCC26XX.oem3 (.text:writeData)
                  0000a2d8    00000036     rf_singleMode_cc26xxware.aem3 : RFCC26XX_singleMode.oem3 (.text:updateImplicitState)
                  0000a30e    00000002     rom_sysbios.aem3 : rom_sysbios.obj (.text:ti_sysbios_knl_Clock_triggerFunc__I)
                  0000a310    00000034     icall_api.obj (.text:GAPBondMgr_SetParameter)
                  0000a344    00000034     icall_api.obj (.text:GAP_SetParamValue)
                  0000a378    00000034     icall.obj (.text:ICall_primEntityId2ServiceId$8)
                  0000a3ac    00000034     icall.obj (.text:ICall_primFetchMsg$8)
                  0000a3e0    00000034     icall.obj (.text:ICall_primRegisterISR$8)
                  0000a414    00000008     (.tramp.ti_sysbios_hal_Hwi_create.1)
                  0000a41c    00000034     icall.obj (.text:ICall_primRegisterISR_Ext$8)
                  0000a450    00000034     icall.obj (.text:ICall_searchServiceEntity)
                  0000a484    00000034     driverlib.lib : osc.obj (.text:NOROM_OSCHF_SwitchToRcOscTurnOffXosc)
                  0000a4b8    00000034                   : trng.obj (.text:NOROM_TRNGConfigure)
                  0000a4ec    00000034     drivers_cc26xxware.aem3 : PINCC26XX.oem3 (.text:PIN_setConfig)
                  0000a520    00000034                             : PowerCC26XX.oem3 (.text:PowerCC26XX_isStableXOSC_HF)
                  0000a554    00000034     rf_singleMode_cc26xxware.aem3 : RFCC26XX_singleMode.oem3 (.text:Q_push)
                  0000a588    00000034     util.obj (.text:Util_constructClock)
                  0000a5bc    00000034     scif_framework.obj (.text:osalRegisterCtrlReadyInt$2)
                  0000a5f0    00000034     scif_framework.obj (.text:osalRegisterTaskAlertInt$2)
                  0000a624    00000034     icall_api.obj (.text:osal_snv_read)
                  0000a658    00000034     icall_api.obj (.text:osal_snv_write)
                  0000a68c    00000034     icall_api.obj (.text:profileAddService$11)
                  0000a6c0    00000034     scif_framework.obj (.text:scifAckAlertEvents)
                  0000a6f4    00000034     rom_sysbios.aem3 : rom_sysbios.obj (.text:xdc_runtime_LoggerCallback_write4__E)
                  0000a728    00000032     icall_api.obj (.text:gapSendParamsCmd$11)
                  0000a75a    00000032     icall_api.obj (.text:gapSendPtrParamsCmd$11)
                  0000a78c    00000032     icall_api.obj (.text:matchGapSetGetParamCS$11)
                  0000a7be    00000032     icall_api.obj (.text:matchGattCmdStatus$11)
                  0000a7f0    00000032     icall_api.obj (.text:matchUtilNvCS$11)
                  0000a822    00000032     rom_sysbios.aem3 : rom_sysbios.obj (.text:ti_sysbios_family_arm_cc26xx_Timer_setNextTick__E)
                  0000a854    00000030     icall_api.obj (.text:GAPBondMgr_PasscodeRsp)
                  0000a884    00000030     icall_cc2650.obj (.text:ICallPlatform_pwrNotify$9)
                  0000a8b4    00000030     icall.obj (.text:ICall_msecs2Ticks$8)
                  0000a8e4    00000030     icall.obj (.text:ICall_searchTask$8)
                  0000a914    00000030     driverlib.lib : setup.obj (.text:NOROM_SetupSetAonRtcSubSecInc)
                  0000a944    00000030     drivers_cc26xxware.aem3 : PowerCC26XX.oem3 (.text:Power_releaseConstraint)
                  0000a974    00000030                             : PowerCC26XX.oem3 (.text:Power_setConstraint)
                  0000a9a4    00000030                             : UART.oem3 (.text:UART_open)
                  0000a9d4    00000030     rf_singleMode_cc26xxware.aem3 : RFCC26XX_singleMode.oem3 (.text:clkPowerUpFxn)
                  0000aa04    00000030     app_ble_uartlog_pem3.oem3 (.text:ti_sysbios_BIOS_atExitFunc__I)
                  0000aa34    00000008     (.tramp.ti_sysbios_BIOS_setThreadType__E.1)
                  0000aa3c    00000030     app_ble_uartlog_pem3.oem3 (.text:ti_sysbios_BIOS_startFunc__I)
                  0000aa6c    00000008     (.tramp.xdc_runtime_System_atexit__E.1)
                  0000aa74    00000008     (.tramp.ti_sysbios_family_arm_cc26xx_Timer_startup__E.1)
                  0000aa7c    00000008     (.tramp.ti_sysbios_hal_Hwi_HwiProxy_startup__E.1)
                  0000aa84    00000008     (.tramp.ti_sysbios_knl_Swi_startup__E.1)
                  0000aa8c    00000008     (.tramp.ti_sysbios_knl_Task_startup__E.1)
                  0000aa94    00000030     rom_sysbios.aem3 : rom_sysbios.obj (.text:ti_sysbios_family_arm_cc26xx_Timer_initDevice__I)
                  0000aac4    00000030                      : rom_sysbios.obj (.text:ti_sysbios_family_arm_cc26xx_Timer_setThreshold__I)
                  0000aaf4    00000030     app_ble_uartlog_pem3.oem3 (.text:xdc_runtime_LoggerCallback_Object__create__S)
                  0000ab24    00000008     (.tramp.xdc_runtime_Core_createObject__I.1)
                  0000ab2c    0000002f     rom_sysbios.aem3 : rom_sysbios.obj (.text:xdc_runtime_Text_printVisFxn__I)
                  0000ab5b    00000001     --HOLE-- [fill = 0]
                  0000ab5c    0000002e     icall_cc2650.obj (.text:ICallPlatform_pwrDispenseImpl$9)
                  0000ab8a    0000002e     icall_cc2650.obj (.text:ICallPlatform_pwrRequireImpl$9)
                  0000abb8    0000002e     project_zero.obj (.text:ICall_fetchServiceMsg$0)
                  0000abe6    0000002e     peripheral.obj (.text:ICall_fetchServiceMsg$18)
                  0000ac14    0000002e     icall.obj (.text:ICall_msgDequeue$8)
                  0000ac42    0000002e     icall_api.obj (.text:matchProfileAddServiceCS$11)
                  0000ac70    0000002c     icall_api.obj (.text:GAPBondMgr_Register)
                  0000ac9c    0000002c     icall_api.obj (.text:HCI_EXT_ConnEventNoticeCmd)
                  0000acc8    0000002c     icall.obj (.text:ICall_heapFree)
                  0000acf4    0000002c     button_service.obj (.text:ICall_malloc$12)
                  0000ad20    0000002c     data_service.obj (.text:ICall_malloc$13)
                  0000ad4c    0000002c     icall.obj (.text:ICall_msgEnqueue$8)
                  0000ad78    0000002c     icall.obj (.text:ICall_primAllocMsg$8)
                  0000ada4    0000002c     icall.obj (.text:ICall_primFetchServiceMsg$8)
                  0000add0    0000002c     icall_api.obj (.text:ICall_sendServiceMsg$11)
                  0000adfc    0000002c     driverlib.lib : ddi.obj (.text:NOROM_DDI32RegWrite)
                  0000ae28    0000002c                   : setup.obj (.text:NOROM_SetupGetTrimForRadcExtCfg)
                  0000ae54    0000002c     drivers_cc26xxware.aem3 : PINCC26XX.oem3 (.text:PINCC26XX_setMux)
                  0000ae80    0000002c     rf_singleMode_cc26xxware.aem3 : RFCC26XX_singleMode.oem3 (.text:getCmd)
                  0000aeac    0000002c     scif.obj (.text:scifStartRtcTicks)
                  0000aed8    0000002c     rom_sysbios.aem3 : rom_sysbios.obj (.text:ti_sysbios_knl_Clock_getTicksUntilInterrupt__E)
                  0000af04    0000002c                      : rom_sysbios.obj (.text:xdc_runtime_LoggerCallback_write2__E)
                  0000af30    0000002a     icall_api.obj (.text:ICall_waitMatch$11)
                  0000af5a    0000002a     TRNGCC26XX.obj (.text:TRNGCC26XX_isParamValid)
                  0000af84    0000002a     icall_api.obj (.text:matchProfileCS$11)
                  0000afae    0000002a     project_zero.obj (.text:user_updateCharVal$0)
                  0000afd8    0000002a     rom_sysbios.aem3 : rom_sysbios.obj (.text:xdc_runtime_System_putchar__I)
                  0000b002    00000028     gattservapp_util.obj (.text:GATTServApp_WriteCharCfg)
                  0000b02a    00000002     app_ble_uartlog_pem3.oem3 (.text:ti_sysbios_rom_cortexm_cc26xx_CC26xx_badRomRevision__E)
                  0000b02c    00000028     icall.obj (.text:ICall_init)
                  0000b054    00000028     icall.obj (.text:ICall_msgPrepend$8)
                  0000b07c    00000028     project_zero.obj (.text:ICall_registerApp$0)
                  0000b0a4    00000028     peripheral.obj (.text:ICall_registerApp$18)
                  0000b0cc    00000028     driverlib.lib : aon_batmon.obj (.text:NOROM_AONBatMonTemperatureGetDegC)
                  0000b0f4    00000028     drivers_cc26xxware.aem3 : PowerCC26XX.oem3 (.text:PowerCC26XX_switchXOSC_HF)
                  0000b11c    00000028                             : PowerCC26XX.oem3 (.text:Power_registerNotify)
                  0000b144    00000028     driverlib.lib : adi.obj (.text:SafeHapiVoid)
                  0000b16c    00000028     TRNGCC26XX.obj (.text:TRNGCC26XX_init)
                  0000b194    00000028     gattservapp_util.obj (.text:gattServApp_FindCharCfgItem$16)
                  0000b1bc    00000028     scif.obj (.text:scifStartRtcTicksNow)
                  0000b1e4    00000028     rom_sysbios.aem3 : rom_sysbios.obj (.text:ti_sysbios_family_arm_cc26xx_Timer_getMaxTicks__E)
                  0000b20c    00000028                      : rom_sysbios.obj (.text:xdc_runtime_LoggerCallback_write0__E)
                  0000b234    00000028                      : rom_sysbios.obj (.text:xdc_runtime_LoggerCallback_write1__E)
                  0000b25c    00000026     drivers_cc26xxware.aem3 : List.oem3 (.text:List_put)
                  0000b282    00000024     icall_api.obj (.text:GAPBondMgr_LinkTerm)
                  0000b2a6    00000024     icall_api.obj (.text:ICall_getLocalMsgEntityId$11)
                  0000b2ca    00000024     icall_api.obj (.text:ICall_threadServes$11)
                  0000b2ee    00000002     rom_sysbios.aem3 : rom_sysbios.obj (.text:xdc_runtime_SysCallback_defaultAbort)
                  0000b2f0    00000024     drivers_cc26xxware.aem3 : PINCC26XX.oem3 (.text:PINCC26XX_getPinCount)
                  0000b314    00000024                             : PowerCC26XX_calibrateRCOSC.oem3 (.text:getTdcSemaphore)
                  0000b338    00000024     rf_singleMode_cc26xxware.aem3 : RFCC26XX_singleMode.oem3 (.text:hwiFxnCpe0PowerFsm)
                  0000b35c    00000024     scif_framework.obj (.text:osalIndicateCtrlReady$2)
                  0000b380    00000024     scif_framework.obj (.text:osalLockCtrlTaskNbl$2)
                  0000b3a4    00000024     app_ble_uartlog_pem3.oem3 (.text:ti_sysbios_BIOS_registerRTSLock__I)
                  0000b3c8    00000024     app_ble_uartlog_pem3.oem3 (.text:ti_sysbios_BIOS_removeRTSLock__I)
                  0000b3ec    00000022     icall.obj (.text:ICall_dispatch$8)
                  0000b40e    00000022     rtsv7M3_T_le_eabi.lib : memcmp.obj (.text)
                  0000b430    00000020     gattservapp_util.obj (.text:GATTServApp_InitCharCfg)
                  0000b450    00000020     icall_api.obj (.text:GATT_bm_alloc)
                  0000b470    00000020     icall_api.obj (.text:ICall_allocMsg$11)
                  0000b490    00000020     icall_api.obj (.text:ICall_getEntityId$11)
                  0000b4b0    00000020     project_zero.obj (.text:ICall_malloc$0)
                  0000b4d0    00000020     icall.obj (.text:ICall_primService$8)
                  0000b4f0    00000020     icall.obj (.text:ICall_searchService$8)
                  0000b510    00000020     driverlib.lib : rfc.obj (.text:NOROM_RFCDoorbellSendTo)
                  0000b530    00000020                   : rfc.obj (.text:NOROM_RFCRfTrimRead)
                  0000b550    00000020                   : setup.obj (.text:NOROM_SetupGetTrimForXoscHfCtl)
                  0000b570    00000020     drivers_cc26xxware.aem3 : PowerCC26XX.oem3 (.text:Power_unregisterNotify)
                  0000b590    00000020     rf_singleMode_cc26xxware.aem3 : RFCC26XX_singleMode.oem3 (.text:allocCmd)
                  0000b5b0    00000020     rtsv7M3_T_le_eabi.lib : u_tofd_t2.obj (.text)
                  0000b5d0    00000020     app_ble_uartlog_pem3.oem3 (.text:ti_sysbios_BIOS_rtsLock__I)
                  0000b5f0    00000008     (.tramp.ti_sysbios_BIOS_RtsGateProxy_enter__E.1)
                  0000b5f8    00000020     rom_sysbios.aem3 : rom_sysbios.obj (.text:ti_sysbios_knl_Clock_stop__E)
                  0000b618    00000020                      : rom_sysbios.obj (.text:xdc_runtime_Registry_findById__E)
                  0000b638    0000001e     icall.obj (.text:ICall_primSendServiceMsg$8)
                  0000b656    0000001e     drivers_cc26xxware.aem3 : PINCC26XX.oem3 (.text:PIN_close)
                  0000b674    0000001e                             : PowerCC26XX.oem3 (.text:Power_getTransitionLatency)
                  0000b692    0000001e     icall_api.obj (.text:matchHciCS$11)
                  0000b6b0    0000001e     project_zero.obj (.text:user_gapBondMgr_passcodeCB$0)
                  0000b6ce    0000001e     icall_api.obj (.text:waitMatchCS$11)
                  0000b6ec    0000001c     icall_api.obj (.text:GATT_bm_free)
                  0000b708    0000001c     icall.obj (.text:ICall_initPrim$8)
                  0000b724    0000001c     project_zero.obj (.text:ICall_wait$0)
                  0000b740    0000001c     peripheral.obj (.text:ICall_wait$18)
                  0000b75c    0000001c     driverlib.lib : osc.obj (.text:NOROM_OSCClockSourceGet)
                  0000b778    0000001c                   : setup.obj (.text:NOROM_SetupGetTrimForAmpcompTh2)
                  0000b794    0000001c                   : setup.obj (.text:NOROM_SetupGetTrimForRcOscLfRtuneCtuneTrim)
                  0000b7b0    0000001c     drivers_cc26xxware.aem3 : PINCC26XX.oem3 (.text:PINCC26XX_setIoCfgMux)
                  0000b7cc    0000001c                             : PINCC26XX.oem3 (.text:PIN_hwi)
                  0000b7e8    0000001c     TRNGCC26XX.obj (.text:TRNGCC26XX_open)
                  0000b804    0000001c     peripheral.obj (.text:gapRole_HandleParamUpdateNoSuccess$18)
                  0000b820    0000001c     icall_api.obj (.text:getStatusValueFromErrNo$11)
                  0000b83c    0000001c     TRNGCC26XX.obj (.text:openTRNG)
                  0000b858    0000001c     scif_framework.obj (.text:scifReinitIo)
                  0000b874    0000001c     rom_sysbios.aem3 : rom_sysbios.obj (.text:ti_sysbios_family_arm_cc26xx_Timer_dynamicStub__E)
                  0000b890    0000001c                      : rom_sysbios.obj (.text:ti_sysbios_family_arm_m3_Hwi_clearInterrupt__E)
                  0000b8ac    0000001c                      : rom_sysbios.obj (.text:xdc_runtime_LoggerCallback_Instance_init__E)
                  0000b8c8    0000001a     icall.obj (.text:ICall_enterCSImpl)
                  0000b8e2    0000001a     icall.obj (.text:ICall_primSetTimerMSecs$8)
                  0000b8fc    0000001a     drivers_cc26xxware.aem3 : List.oem3 (.text:List_remove)
                  0000b916    0000001a     icall_api.obj (.text:matchGattIndNotiCS$11)
                  0000b930    0000001a     rom_sysbios.aem3 : rom_sysbios_config.obj (.text:xdc_runtime_System_snprintf__E)
[...]
1001c2e5  ti_sysbios_knl_Swi_delete                                                 
1001c2e9  ti_sysbios_knl_Swi_destruct                                               
1001c2ed  ti_sysbios_knl_Swi_postInit__I                                            
1001c2f1  ti_sysbios_knl_Task_SupportProxy_Module__startupDone__S                   
1001c2f5  ti_sysbios_knl_Task_SupportProxy_getStackAlignment__E                     
1001c2f9  ti_sysbios_knl_Task_SupportProxy_start__E                                 
1001c2fd  ti_sysbios_knl_Task_SupportProxy_swap__E                                  
1001c301  ti_sysbios_knl_Task_delete                                                
1001c305  ti_sysbios_knl_Task_destruct                                              
1001c309  ti_sysbios_knl_Task_startup__E                                            
1001c30d  xdc_runtime_Startup_startMods__I                                          
1001c405  xdc_runtime_Core_createObject__I                                          
1001c487  xdc_runtime_Error_policySpin__E                                           
1001c489  xdc_runtime_Memory_alloc__E                                               
1001c4f9  xdc_runtime_Core_deleteObject__I                                          
1001c559  xdc_runtime_Startup_exec__E                                               
1001c5a9  xdc_runtime_Assert_raise__I                                               
1001c5f1  xdc_runtime_Core_assignParams__I                                          
1001c639  xdc_runtime_Core_constructObject__I                                       
1001c681  xdc_runtime_System_atexit__E                                              
1001c6b9  xdc_runtime_System_processAtExit__E                                       
1001c6ed  xdc_runtime_Core_assignLabel__I                                           
1001c71d  xdc_runtime_Text_cordText__E                                              
1001c749  xdc_runtime_System_abort__E                                               
1001c769  xdc_runtime_Error_raiseX__E                                               
1001c785  xdc_runtime_Memory_valloc__E                                              
1001c7a1  xdc_runtime_Core_destructObject__I                                        
1001c7b9  xdc_runtime_Error_check__E                                                
1001c7d1  xdc_runtime_System_exit__E                                                
1001c7e9  xdc_runtime_Text_ropeText__E                                              
1001c801  xdc_runtime_Memory_free__E                                                
1001c811  xdc_runtime_SysCallback_abort__E                                          
1001c821  xdc_runtime_SysCallback_exit__E                                           
1001c831  xdc_runtime_Timestamp_SupportProxy_get32__E                               
1001c831  xdc_runtime_Timestamp_get32__E                                            
1001c841  xdc_runtime_Error_init__E                                                 
1001c84d  xdc_runtime_Memory_calloc__E                                              
1001c859  xdc_runtime_Memory_getMaxDefaultTypeAlign__E                              
1001c879  xdc_runtime_Gate_leaveSystem__E                                           
1001c87f  xdc_runtime_System_Module_startup__E                                      
1001c885  xdc_runtime_Gate_enterSystem__E                                           
1001c889  xdc_runtime_Memory_HeapProxy_alloc__E                                     
1001c88d  xdc_runtime_Memory_HeapProxy_free__E                                      
1001c891  xdc_runtime_System_Module_GateProxy_enter__E                              
1001c895  xdc_runtime_System_Module_GateProxy_leave__E                              
1001c899  xdc_runtime_System_abortSpin__E                                           
1001c89b  xdc_runtime_System_exitSpin__E                                            
1001c89d  ti_sysbios_family_arm_m3_Hwi_dispatch__I                                  
1001c96d  ti_sysbios_family_arm_m3_TaskSupport_buildTaskStack                       
1001c9b9  ti_sysbios_family_arm_m3_Hwi_initStacks__E                                
1001ca01  ti_sysbios_family_arm_m3_Hwi_excHandlerAsm__I                             
1001ca21  ti_sysbios_family_xxx_Hwi_switchAndRunFunc                                
1001ca3f  ti_sysbios_family_arm_m3_Hwi_pendSV__I                                    
1001ca57  ti_sysbios_family_arm_m3_Hwi_return                                       
1001ca59  ti_sysbios_family_arm_m3_TaskSupport_glue                                 
1001ca69  ti_sysbios_family_arm_m3_TaskSupport_swap__E                              
1001ca71  ti_sysbios_knl_Task_swapReturn                                            
1001ca9b  ti_sysbios_rom_cortexm_cc26xx_CC26xx_getRevision__E                       
20000000  ti_sysbios_family_arm_m3_Hwi_ramVectors                                   
20000100  ti_sysbios_knl_Task_Module__state__V                                      
20000144  ti_sysbios_family_arm_m3_Hwi_Module__state__V                             
20000178  ti_sysbios_knl_Clock_Module__state__V                                     
200001a4  ti_sysbios_BIOS_Module__state__V                                          
200001c8  ti_sysbios_knl_Swi_Module__state__V                                       
200001e4  ti_sysbios_family_arm_cc26xx_Timer_Module__state__V                       
200001ec  ti_sysbios_family_arm_cc26xx_TimestampProvider_Module__state__V           
200001f0  xdc_runtime_Startup_Module__state__V                                      
200001f8  xdc_runtime_System_Module__state__V                                       
20000200  xdc_runtime_Memory_Module__state__V                                       
20000208  uartLog_tail                                                              
20000209  uartLog_head                                                              
2000020a  uartLog_evBufIsEmpty                                                      
2000020c  uartLog_evtNum                                                            
20000214  uartLog_outBuf                                                            
200002c0  uartLog_evBuf                                                             
200007dc  dispHandle                                                                
20000828  ledPinTable                                                               
20000834  buttonPinTable                                                            
20000908  przTask                                                                   
20000958  przTaskStack                                                              
20000c78  linkDBNumConns                                                            
20000d8c  gapRoleTask                                                               
20000ddc  gapRoleTaskStack                                                          
200011c4  PowerCC26XX_module                                                        
200012d4  ti_sysbios_family_arm_cc26xx_Timer_Module__root__V                        
200012dc  ti_sysbios_family_arm_m3_Hwi_Module__root__V                              
200012e4  ti_sysbios_family_arm_m3_Hwi_Object__table__V                             
200012fc  ti_sysbios_family_arm_m3_Hwi_Module_State_0_excActive__A                  
20001300  ti_sysbios_family_arm_m3_Hwi_Module_State_0_excContext__A                 
20001304  ti_sysbios_family_arm_m3_Hwi_Module_State_0_excStack__A                   
20001308  ti_sysbios_gates_GateHwi_Module__root__V                                  
20001310  ti_sysbios_gates_GateHwi_Object__table__V                                 
20001314  ti_sysbios_gates_GateMutex_Module__root__V                                
2000131c  ti_sysbios_hal_Hwi_Module__root__V                                        
20001324  ti_sysbios_heaps_HeapMem_Module__root__V                                  
2000132c  ti_sysbios_heaps_HeapMem_Object__table__V                                 
20001344  ti_sysbios_knl_Clock_Module__root__V                                      
2000134c  ti_sysbios_knl_Clock_Object__table__V                                     
2000136c  ti_sysbios_knl_Event_Module__root__V                                      
20001374  ti_sysbios_knl_Mailbox_Module__root__V                                    
2000137c  ti_sysbios_knl_Queue_Module__root__V                                      
20001384  ti_sysbios_knl_Semaphore_Module__root__V                                  
2000138c  ti_sysbios_knl_Swi_Module__root__V                                        
20001394  ti_sysbios_knl_Task_Module__root__V                                       
2000139c  ti_sysbios_knl_Task_Module_State_0_idleTask__A                            
200013a0  xdc_runtime_LoggerCallback_Module__root__V                                
200013a8  xdc_runtime_LoggerCallback_Object__table__V                               
200013b8  __xdc__init__addr                                                         
2000146c  ICall_dispatcher                                                          
20001474  ICall_enterCriticalSection                                                
20001478  ICall_leaveCriticalSection                                                
20001490  HEAPMGR_SIZE                                                              
20001678  rfRegTbl                                                                  
200016c8  ti_sysbios_knl_Task_Object__table__V                                      
20001714  appAssertCback                                                            
20001718  ti_sysbios_family_arm_cc26xx_Timer_Object__table__V                       
20001760  ti_sysbios_gates_GateMutex_Object__table__V                               
20001798  ti_sysbios_knl_Swi_Module_State_0_readyQ__A                               
200017c8  ti_sysbios_knl_Swi_Object__table__V                                       
200017f8  ti_sysbios_knl_Task_Module_State_0_readyQ__A                              
20001828  user0Cfg                                                                  
20001858  lastAppOpcodeSent                                                         
2000185c  pfnBMAlloc                                                                
20001860  pfnBMFree                                                                 
2000186c  _lock                                                                     
20001870  _unlock                                                                   
20001874  __TI_cleanup_ptr                                                          
20001878  __TI_dtors_ptr                                                            
2000187c  xdc_runtime_Registry_Module__state__V                                     
20001888  main_func_sp                                                              
20001890  ti_sysbios_heaps_HeapMem_Instance_State_0_buf__A                          
20001f10  ti_sysbios_knl_Task_Instance_State_0_stack__A                             
20002110  uartCC26XXObjects                                                         
20002224  PIN_NumPins                                                               
20002328  ti_sysbios_family_arm_m3_Hwi_dispatchTable                                
200023f0  PIN_HandleTable                                                           
20002650  trngCC26XXObjects                                                         
2000265c  driverlib_release_0_46593                                                 
20002661  heapStart                                                                 
20003f48  __stack                                                                   
20003f48  heapEnd                                                                   
20004348  __STACK_END                                                               
20004348  __STACK_TOP                                                               
20004f2c  A4_rw                                                                     
20004f2c  COMMON_RAM_BASE_ADDR                                                      
20004f40  P2_rw                                                                     
20004f40  P2_s0                                                                     
20004f40  eccRom_windowSize                                                         
20004f44  eccRom_workzone                                                           
20004f48  eccRom_param_p                                                            
20004f4c  eccRom_param_r                                                            
20004f50  eccRom_param_a                                                            
20004f54  inScalar                                                                  
20004f58  inPointX                                                                  
20004f5c  inPointY                                                                  
20004f60  outPointX                                                                 
20004f64  outPointY                                                                 
20004f68  SCAL                                                                      
20004f6c  EXPX                                                                      
20004f70  EXPY                                                                      
20004f74  EXPZ                                                                      
20004f78  EXPW                                                                      
20004f7c  ACCX                                                                      
20004f80  ACCY                                                                      
20004f84  ACCZ                                                                      
20004f88  TMP1                                                                      
20004f8c  TMP2                                                                      
20004f90  TMP3                                                                      
20004f94  TMP4                                                                      
20004f98  TMP5                                                                      
20004f9c  TMP6                                                                      
20004fa0  eccRom_param_Gx                                                           
20004fa4  eccRom_param_Gy                                                           
20004fa8  eccRom_param_b                                                            
20004fac  P2_zi                                                                     
20004fac  ratChanInfo                                                               
20004fcc  fwInfoCmd                                                                 
20004fd8  MSBMOD                                                                    
20004fdc  aux64                                                                     
20004fe4  MOD                                                                       
20004fe8  LEN                                                                       
20004ffc  pSspAesEncrypt_Sw                                                         
e000e000  ti_sysbios_family_arm_m3_Hwi_nvic                                         
ffffffff  __binit__                                                                 
ffffffff  binit                                                                     
UNDEFED   HwiP_restore                                                              
UNDEFED   SHT$$INIT_ARRAY$$Base                                                     
UNDEFED   SHT$$INIT_ARRAY$$Limit                                                    
UNDEFED   scifOsalEnterCriticalSection                                              
UNDEFED   scifOsalLeaveCriticalSection                                              
UNDEFED   ti_sysbios_BIOS_RtsGateProxy_Handle__label__S__mangled__                  
UNDEFED   ti_sysbios_BIOS_RtsGateProxy_Object__delete__S__mangled__                 
UNDEFED   ti_sysbios_BIOS_RtsGateProxy_Params__init__S__mangled__                   
UNDEFED   ti_sysbios_BIOS_RtsGateProxy_query__E__mangled__                          
UNDEFED   ti_sysbios_hal_Hwi_HwiProxy_Module__startupDone__S__mangled__             
UNDEFED   ti_sysbios_hal_Hwi_HwiProxy_Object__delete__S__mangled__                  
UNDEFED   ti_sysbios_hal_Hwi_HwiProxy_Params__init__S__mangled__                    
UNDEFED   ti_sysbios_hal_Hwi_HwiProxy_disableInterrupt__E__mangled__                
UNDEFED   ti_sysbios_hal_Hwi_HwiProxy_enableInterrupt__E__mangled__                 
UNDEFED   ti_sysbios_hal_Hwi_HwiProxy_getStackInfo__E__mangled__                    
UNDEFED   ti_sysbios_hal_Hwi_HwiProxy_startup__E__mangled__                         
UNDEFED   ti_sysbios_hal_Hwi_HwiProxy_switchFromBootStack__E__mangled__             
UNDEFED   ti_sysbios_hal_Hwi_disableInterrupt__E                                    
UNDEFED   ti_sysbios_hal_Hwi_enableInterrupt__E                                     
UNDEFED   ti_sysbios_hal_Hwi_getStackInfo__E                                        
UNDEFED   ti_sysbios_hal_Hwi_startup__E                                             
UNDEFED   ti_sysbios_hal_Hwi_switchFromBootStack__E                                 
UNDEFED   ti_sysbios_heaps_HeapMem_Module_GateProxy_Handle__label__S__mangled__     
UNDEFED   ti_sysbios_heaps_HeapMem_Module_GateProxy_Object__delete__S__mangled__    
UNDEFED   ti_sysbios_heaps_HeapMem_Module_GateProxy_Params__init__S__mangled__      
UNDEFED   ti_sysbios_heaps_HeapMem_Module_GateProxy_query__E__mangled__             
UNDEFED   ti_sysbios_knl_Clock_TimerProxy_Module__startupDone__S__mangled__         
UNDEFED   ti_sysbios_knl_Clock_TimerProxy_startup__E__mangled__                     
UNDEFED   ti_sysbios_knl_Task_SupportProxy_Module__startupDone__S__mangled__        
UNDEFED   ti_sysbios_knl_Task_SupportProxy_getStackAlignment__E__mangled__          
UNDEFED   ti_sysbios_knl_Task_SupportProxy_start__E__mangled__                      
UNDEFED   ti_sysbios_knl_Task_SupportProxy_swap__E__mangled__                       
UNDEFED   xdc_runtime_Main_Module_GateProxy_Handle__label__S                        
UNDEFED   xdc_runtime_Main_Module_GateProxy_Object__delete__S                       
UNDEFED   xdc_runtime_Main_Module_GateProxy_query__E                                
UNDEFED   xdc_runtime_Memory_HeapProxy_Handle__label__S__mangled__                  
UNDEFED   xdc_runtime_Memory_HeapProxy_Object__delete__S__mangled__                 
UNDEFED   xdc_runtime_System_Module_GateProxy_Handle__label__S__mangled__           
UNDEFED   xdc_runtime_System_Module_GateProxy_Object__delete__S__mangled__          
UNDEFED   xdc_runtime_System_Module_GateProxy_query__E__mangled__                   
UNDEFED   xdc_runtime_System_SupportProxy_abort__E                                  
UNDEFED   xdc_runtime_System_SupportProxy_exit__E                                   
UNDEFED   xdc_runtime_Timestamp_SupportProxy_get64__E__mangled__                    
UNDEFED   xdc_runtime_Timestamp_SupportProxy_getFreq__E__mangled__                  
UNDEFED   xdc_runtime_Timestamp_get32__E                                            
UNDEFED   xdc_runtime_Timestamp_get64__E                                            
UNDEFED   xdc_runtime_Timestamp_getFreq__E                                          

[1180 symbols]
